---
source: crates/alien-helm/tests/generator/helpers.rs
assertion_line: 35
expression: buf
---
=== Chart.yaml ===
apiVersion: v2
name: data-chart
description: Deployment chart for data-chart
type: application
version: 0.1.0
appVersion: "0.1.0"

=== values.yaml ===
management:
  token: ""
  existingSecret:
    name: ""
    tokenKey: sync-token
  name: ""
  url: ""
  deploymentId: "dep_replace_me"
  updates: auto
  telemetry: auto
  healthChecks: "on"

runtime:
  image:
    repository: ghcr.io/alienplatform/alien-agent
    tag: latest
    pullPolicy: IfNotPresent
  imagePullSecrets: []
  podLabels: {}
  podAnnotations: {}
  automountServiceAccountToken: true
  encryption:
    # Leave empty to let the chart generate a stable random 64-hex-char key
    # on first install (preserved across upgrades via `lookup`). To pin the
    # key explicitly, set it here (must be 64 hex chars = 256-bit AES). To
    # source it from an external secret store, set `existingSecret.name`.
    key: ""
    existingSecret:
      name: ""
      key: encryption-key
  # Agent self-update inputs the agent passes to the Helm-runner Job it
  # spawns on `agent_target.helm`. Set chartRef + chartVersion to the OCI
  # ref + version used at install time — the agent re-uses them in
  # `helm upgrade --reuse-values`. Leave blank if you don't want to enable
  # in-cluster agent upgrades for this install.
  upgrade:
    chartRef: ""
    chartVersion: ""
    helmRunnerImage: "alpine/helm:3.18.4"
  replicas: 1
  # Helm's --atomic --wait gives up after this many seconds if /readyz
  # hasn't returned 200 — the revision is then rolled back automatically.
  progressDeadlineSeconds: 120
  resources:
    requests:
      cpu: 100m
      memory: 128Mi
    limits:
      memory: 512Mi
  api:
    enabled: false
    bindHost: 0.0.0.0
    port: 8080
    service:
      type: ClusterIP
  probes:
    # /livez is process liveness; /readyz turns 200 only after the agent
    # completes at least one /v1/sync round-trip with the manager — the
    # gate Helm's --atomic --wait relies on so a freshly-rolled agent
    # is not considered ready until it has actually reached the manager.
    liveness:
      enabled: true
      path: /livez
      initialDelaySeconds: 10
      periodSeconds: 10
      timeoutSeconds: 2
      failureThreshold: 3
    readiness:
      enabled: true
      path: /readyz
      initialDelaySeconds: 5
      periodSeconds: 10
      timeoutSeconds: 2
      failureThreshold: 3
  security:
    podSecurityContext:
      runAsNonRoot: true
      runAsUser: 10001
      runAsGroup: 10001
      fsGroup: 10001
      seccompProfile:
        type: RuntimeDefault
    containerSecurityContext:
      allowPrivilegeEscalation: false
      readOnlyRootFilesystem: true
      capabilities:
        drop:
          - ALL
  tmp:
    enabled: true
    sizeLimit: 256Mi
  data:
    mountPath: /var/lib/alien-agent
    persistence:
      enabled: false
      existingClaim: ""
      storageClassName: ""
      accessModes:
        - ReadWriteOnce
      size: 1Gi
  scheduling:
    nodeSelector: {}
    tolerations: []
    affinity: {}
    topologySpreadConstraints: []
    priorityClassName: ""
    runtimeClassName: ""
  pdb:
    enabled: false
    minAvailable: 1
  networkPolicy:
    enabled: false
    ingress:
      enabled: true
    egress:
      enabled: true

heartbeat:
  collection:
    nodes:
      enabled: true

clusterBootstrap:
  metricsServer:
    enabled: false
    image: registry.k8s.io/metrics-server/metrics-server:v0.8.1
  storageClass:
    default:
      enabled: false
      name: ""
      provisioner: ""
      parameters: {}
  ingress:
    eksAutoMode:
      enabled: false
      name: alb
      controller: eks.amazonaws.com/alb
      scheme: internet-facing
      subnetIds: []
  compute:
    eksAutoMode:
      arm64NodePool:
        enabled: false
        name: general-purpose-arm64
        nodeClassName: default
        capacityType: on-demand
        instanceCategories:
          - c
          - m
          - r
        minInstanceGeneration: "5"
        limits:
          cpu: "1000"
          memory: 1000Gi

serviceAccounts:
  {}

stackSettings: null

infrastructure: null

basePlatform: null
basePlatformConfig:
  gcp:
    projectId: ""
    region: ""
  aws:
    region: ""
  azure:
    location: ""
serviceAccountPrefix: ""
managerServiceAccount:
  annotations: {}
  labels: {}

# Agent self-update. When the agent receives agent_target.helm on /v1/sync
# it creates a short-lived Helm-runner Job that runs `helm upgrade --atomic`.
# The Job runs as `alien-agent-upgrader`; we keep the SA optional so charts
# that don't want self-update can disable it.
upgrader:
  enabled: true

services:
  {}

publicUrls: {}

persistentStorage:
  storageClassName: ""

ephemeralStorage:
  nodeSelector: {}

=== values.schema.json ===
{
  "$schema": "https://json-schema.org/draft-07/schema#",
  "type": "object",
  "additionalProperties": false,
  "properties": {
    "nameOverride": { "type": "string" },
    "fullnameOverride": { "type": "string" },
    "management": {
      "type": "object",
      "additionalProperties": false,
      "required": ["token", "updates", "telemetry", "healthChecks"],
      "properties": {
        "token": { "type": "string" },
        "existingSecret": {
          "type": "object",
          "additionalProperties": false,
          "properties": {
            "name": { "type": "string" },
            "tokenKey": { "type": "string", "minLength": 1 }
          }
        },
        "name": { "type": "string" },
        "url": { "type": "string" },
        "deploymentId": { "type": ["string", "null"] },
        "updates": { "type": "string", "enum": ["auto", "approval-required"] },
        "telemetry": { "type": "string", "enum": ["auto", "approval-required", "off"] },
        "healthChecks": { "type": "string", "enum": ["on", "off"] }
      }
    },
    "runtime": {
      "type": "object",
      "additionalProperties": false,
      "properties": {
        "image": {
          "type": "object",
          "additionalProperties": false,
          "properties": {
            "repository": { "type": "string", "minLength": 1 },
            "tag": { "type": "string", "minLength": 1 },
            "pullPolicy": { "type": "string", "enum": ["Always", "IfNotPresent", "Never"] }
          }
        },
        "imagePullSecrets": {
          "type": "array",
          "items": {
            "type": "object",
            "additionalProperties": false,
            "required": ["name"],
            "properties": { "name": { "type": "string", "minLength": 1 } }
          }
        },
        "podLabels": { "type": "object", "additionalProperties": { "type": "string" } },
        "podAnnotations": { "type": "object", "additionalProperties": { "type": "string" } },
        "automountServiceAccountToken": { "type": "boolean" },
        "encryption": {
          "type": "object",
          "additionalProperties": false,
          "properties": {
            "key": { "type": "string" },
            "existingSecret": {
              "type": "object",
              "additionalProperties": false,
              "properties": {
                "name": { "type": "string" },
                "key": { "type": "string", "minLength": 1 }
              }
            }
          }
        },
        "upgrade": {
          "type": "object",
          "additionalProperties": false,
          "properties": {
            "chartRef": { "type": "string" },
            "chartVersion": { "type": "string" },
            "helmRunnerImage": { "type": "string" }
          }
        },
        "replicas": { "type": "integer", "minimum": 1 },
        "progressDeadlineSeconds": { "type": "integer", "minimum": 1 },
        "resources": { "type": "object" },
        "api": {
          "type": "object",
          "additionalProperties": false,
          "properties": {
            "enabled": { "type": "boolean" },
            "bindHost": { "type": "string" },
            "port": { "type": "integer", "minimum": 1, "maximum": 65535 },
            "service": {
              "type": "object",
              "additionalProperties": false,
              "properties": {
                "type": { "type": "string", "enum": ["ClusterIP", "NodePort", "LoadBalancer"] }
              }
            }
          }
        },
        "probes": {
          "type": "object",
          "additionalProperties": false,
          "properties": {
            "liveness": { "$ref": "#/definitions/httpProbe" },
            "readiness": { "$ref": "#/definitions/httpProbe" }
          }
        },
        "security": {
          "type": "object",
          "additionalProperties": false,
          "properties": {
            "podSecurityContext": { "type": "object" },
            "containerSecurityContext": { "type": "object" }
          }
        },
        "tmp": {
          "type": "object",
          "additionalProperties": false,
          "properties": {
            "enabled": { "type": "boolean" },
            "sizeLimit": { "type": "string" }
          }
        },
        "data": {
          "type": "object",
          "additionalProperties": false,
          "properties": {
            "mountPath": { "type": "string", "minLength": 1 },
            "persistence": {
              "type": "object",
              "additionalProperties": false,
              "properties": {
                "enabled": { "type": "boolean" },
                "existingClaim": { "type": "string" },
                "storageClassName": { "type": "string" },
                "accessModes": { "type": "array", "items": { "type": "string" } },
                "size": { "type": "string" }
              }
            }
          }
        },
        "scheduling": {
          "type": "object",
          "additionalProperties": false,
          "properties": {
            "nodeSelector": { "type": "object", "additionalProperties": { "type": "string" } },
            "tolerations": { "type": "array" },
            "affinity": { "type": "object" },
            "topologySpreadConstraints": { "type": "array" },
            "priorityClassName": { "type": "string" },
            "runtimeClassName": { "type": "string" }
          }
        },
        "pdb": {
          "type": "object",
          "additionalProperties": false,
          "properties": {
            "enabled": { "type": "boolean" },
            "minAvailable": { "type": ["integer", "string"] },
            "maxUnavailable": { "type": ["integer", "string"] }
          }
        },
        "networkPolicy": {
          "type": "object",
          "additionalProperties": false,
          "properties": {
            "enabled": { "type": "boolean" },
            "ingress": {
              "type": "object",
              "additionalProperties": false,
              "properties": { "enabled": { "type": "boolean" } }
            },
            "egress": {
              "type": "object",
              "additionalProperties": false,
              "properties": { "enabled": { "type": "boolean" } }
            }
          }
        }
      }
    },
    "managerServiceAccount": {
      "type": "object",
      "properties": {
        "annotations": { "type": "object", "additionalProperties": { "type": "string" } },
        "labels": { "type": "object", "additionalProperties": { "type": "string" } }
      }
    },
    "serviceAccounts": {
      "type": "object",
      "additionalProperties": {
        "type": "object",
        "properties": {
          "annotations": { "type": "object", "additionalProperties": { "type": "string" } },
          "labels": { "type": "object", "additionalProperties": { "type": "string" } }
        }
      }
    },
    "stackSettings": {
      "type": ["object", "null"],
      "properties": {
        "deploymentModel": { "type": "string", "enum": ["pull", "Pull"] },
        "updates": { "type": "string" },
        "telemetry": { "type": "string" },
        "heartbeats": { "type": "string" }
      },
      "additionalProperties": true
    },
    "infrastructure": { "type": ["object", "null"] },
    "basePlatform": { "type": ["string", "null"], "enum": ["aws", "gcp", "azure", null] },
    "basePlatformConfig": {
      "type": "object",
      "additionalProperties": false,
      "properties": {
        "gcp": {
          "type": "object",
          "additionalProperties": false,
          "properties": {
            "projectId": { "type": "string" },
            "region": { "type": "string" }
          }
        },
        "aws": {
          "type": "object",
          "additionalProperties": false,
          "properties": {
            "region": { "type": "string" }
          }
        },
        "azure": {
          "type": "object",
          "additionalProperties": false,
          "properties": {
            "location": { "type": "string" }
          }
        }
      }
    },
    "heartbeat": {
      "type": "object",
      "additionalProperties": false,
      "properties": {
        "collection": {
          "type": "object",
          "additionalProperties": false,
          "properties": {
            "nodes": {
              "type": "object",
              "additionalProperties": false,
              "properties": {
                "enabled": { "type": "boolean" }
              }
            }
          }
        }
      }
    },
    "clusterBootstrap": {
      "type": "object",
      "additionalProperties": false,
      "properties": {
        "metricsServer": {
          "type": "object",
          "additionalProperties": false,
          "properties": {
            "enabled": { "type": "boolean" },
            "image": { "type": "string" }
          }
        },
        "storageClass": {
          "type": "object",
          "additionalProperties": false,
          "properties": {
            "default": {
              "type": "object",
              "additionalProperties": false,
              "properties": {
                "enabled": { "type": "boolean" },
                "name": { "type": "string" },
                "provisioner": { "type": "string" },
                "parameters": { "type": "object", "additionalProperties": { "type": "string" } }
              }
            }
          }
        },
        "ingress": {
          "type": "object",
          "additionalProperties": false,
          "properties": {
            "eksAutoMode": {
              "type": "object",
              "additionalProperties": false,
              "properties": {
                "enabled": { "type": "boolean" },
                "name": { "type": "string" },
                "controller": { "type": "string" },
                "scheme": { "type": "string" },
                "subnetIds": {
                  "type": "array",
                  "items": { "type": "string" }
                }
              }
            }
          }
        },
        "compute": {
          "type": "object",
          "additionalProperties": false,
          "properties": {
            "eksAutoMode": {
              "type": "object",
              "additionalProperties": false,
              "properties": {
                "arm64NodePool": {
                  "type": "object",
                  "additionalProperties": false,
                  "properties": {
                    "enabled": { "type": "boolean" },
                    "name": { "type": "string" },
                    "nodeClassName": { "type": "string" },
                    "capacityType": { "type": "string" },
                    "instanceCategories": {
                      "type": "array",
                      "items": { "type": "string" }
                    },
                    "minInstanceGeneration": { "type": "string" },
                    "limits": {
                      "type": "object",
                      "additionalProperties": false,
                      "properties": {
                        "cpu": { "type": "string" },
                        "memory": { "type": "string" }
                      }
                    }
                  }
                }
              }
            }
          }
        }
      }
    },
    "serviceAccountPrefix": { "type": "string" },
    "upgrader": {
      "type": "object",
      "additionalProperties": false,
      "properties": {
        "enabled": { "type": "boolean" }
      }
    },
    "services": {
      "type": "object",
      "additionalProperties": {
        "type": "object",
        "additionalProperties": false,
        "properties": {
          "type": { "type": "string", "enum": ["clusterIp", "loadBalancer"] },
          "port": { "type": "integer", "minimum": 1, "maximum": 65535 },
          "targetPort": { "type": "integer", "minimum": 1, "maximum": 65535 },
          "component": { "type": "string" }
        }
      }
    },
    "publicUrls": { "type": "object", "additionalProperties": { "type": "string" } },
    "persistentStorage": { "type": "object" },
    "ephemeralStorage": { "type": "object" }
  },
  "definitions": {
    "httpProbe": {
      "type": "object",
      "additionalProperties": false,
      "properties": {
        "enabled": { "type": "boolean" },
        "path": { "type": "string", "minLength": 1 },
        "initialDelaySeconds": { "type": "integer", "minimum": 0 },
        "periodSeconds": { "type": "integer", "minimum": 1 },
        "timeoutSeconds": { "type": "integer", "minimum": 1 },
        "failureThreshold": { "type": "integer", "minimum": 1 }
      }
    }
  },
  "oneOf": [
    {
      "title": "manager-fetch path",
      "required": ["management"],
      "properties": {
        "management": {
          "required": ["token", "deploymentId"],
          "properties": {
            "deploymentId": { "type": "string", "minLength": 1 }
          }
        },
        "infrastructure": { "type": "null" }
      }
    },
    {
      "title": "external-bindings initialize path",
      "required": ["management", "infrastructure"],
      "properties": {
        "management": {
          "properties": {
            "deploymentId": { "type": "null" }
          }
        },
        "stackSettings": { "type": ["object", "null"] },
        "infrastructure": { "type": "object" }
      }
    }
  ]
}

=== templates/_helpers.tpl ===
{{- define "alien.name" -}}
{{- default .Chart.Name .Values.nameOverride | trunc 63 | trimSuffix "-" -}}
{{- end -}}

{{- define "alien.fullname" -}}
{{- if .Values.fullnameOverride -}}
{{- .Values.fullnameOverride | trunc 63 | trimSuffix "-" -}}
{{- else -}}
{{- .Release.Name | trunc 63 | trimSuffix "-" -}}
{{- end -}}
{{- end -}}

{{- define "alien.labels" -}}
app.kubernetes.io/name: {{ include "alien.name" . }}
app.kubernetes.io/instance: {{ .Release.Name }}
app.kubernetes.io/managed-by: {{ .Release.Service }}
helm.sh/chart: {{ printf "%s-%s" .Chart.Name .Chart.Version | replace "+" "_" }}
{{- end -}}

{{- define "alien.managerServiceAccountName" -}}
{{- $prefix := default (include "alien.fullname" .) .Values.serviceAccountPrefix -}}
{{- $raw := printf "%s-manager-sa" $prefix | lower -}}
{{- regexReplaceAll "[^a-z0-9-]" $raw "-" | trunc 63 | trimSuffix "-" -}}
{{- end -}}

{{/*
  ServiceAccount used by the Helm-runner Job the agent creates when it
  acts on agent_target.helm. Held as a least-privilege boundary; bound
  to the existing Role so the Job can mutate the Deployment + release
  Secrets.
*/}}
{{- define "alien.upgraderServiceAccountName" -}}
{{- $prefix := default (include "alien.fullname" .) .Values.serviceAccountPrefix -}}
{{- $raw := printf "%s-upgrader-sa" $prefix | lower -}}
{{- regexReplaceAll "[^a-z0-9-]" $raw "-" | trunc 63 | trimSuffix "-" -}}
{{- end -}}

{{- define "alien.serviceAccountName" -}}
{{- $prefix := default (include "alien.fullname" .root) .root.Values.serviceAccountPrefix -}}
{{- $raw := printf "%s-%s-sa" $prefix .name | lower -}}
{{- regexReplaceAll "[^a-z0-9-]" $raw "-" | trunc 63 | trimSuffix "-" -}}
{{- end -}}

{{- define "alien.resourceName" -}}
{{- $raw := .name | lower -}}
{{- regexReplaceAll "[^a-z0-9-]" $raw "-" | trunc 63 | trimSuffix "-" -}}
{{- end -}}

{{- define "alien.managementSecretName" -}}
{{- default (include "alien.fullname" .) .Values.management.existingSecret.name -}}
{{- end -}}

{{- define "alien.managementSecretTokenKey" -}}
{{- default "sync-token" .Values.management.existingSecret.tokenKey -}}
{{- end -}}

{{- define "alien.encryptionSecretName" -}}
{{- default (include "alien.fullname" .) .Values.runtime.encryption.existingSecret.name -}}
{{- end -}}

{{- define "alien.encryptionSecretKey" -}}
{{- default "encryption-key" .Values.runtime.encryption.existingSecret.key -}}
{{- end -}}

{{- define "alien.heartbeatNodeClusterRoleName" -}}
{{- printf "%s-heartbeat-nodes" (include "alien.fullname" .) | trunc 63 | trimSuffix "-" -}}
{{- end -}}

=== templates/serviceaccount.yaml ===
apiVersion: v1
kind: ServiceAccount
metadata:
  name: {{ include "alien.managerServiceAccountName" . }}
  labels:
    {{- include "alien.labels" . | nindent 4 }}
    {{- with .Values.managerServiceAccount.labels }}
    {{- toYaml . | nindent 4 }}
    {{- end }}
  {{- with .Values.managerServiceAccount.annotations }}
  annotations:
    {{- toYaml . | nindent 4 }}
  {{- end }}
---
{{- range $name, $account := .Values.serviceAccounts }}
apiVersion: v1
kind: ServiceAccount
metadata:
  name: {{ include "alien.serviceAccountName" (dict "root" $ "name" $name) }}
  labels:
    {{- include "alien.labels" $ | nindent 4 }}
    {{- with $account.labels }}
    {{- toYaml . | nindent 4 }}
    {{- end }}
  {{- with $account.annotations }}
  annotations:
    {{- toYaml . | nindent 4 }}
  {{- end }}
---
{{- end }}
{{- if .Values.upgrader.enabled }}
# alien-agent-upgrader is the ServiceAccount used by the Helm-runner Job
# the agent creates when it acts on agent_target.helm. It exists as a
# least-privilege boundary for the Job — the agent pod itself uses
# `alien-agent-manager-sa` and only needs to create Jobs + stage
# ConfigMaps/Secrets. Operators are not restricted by this — the
# protection against bad helm upgrades is the chart's `required` values,
# not RBAC.
apiVersion: v1
kind: ServiceAccount
metadata:
  name: {{ include "alien.upgraderServiceAccountName" . }}
  labels:
    {{- include "alien.labels" . | nindent 4 }}
---
{{- end }}

=== templates/role.yaml ===
{{- $stackSettings := default dict .Values.stackSettings -}}
{{- $exposure := dig "kubernetes" "exposure" dict $stackSettings -}}
{{- $exposureMode := dig "mode" "" $exposure -}}
{{- $route := dig "route" dict $exposure -}}
{{- $routeApi := dig "routeApi" "" $route -}}
apiVersion: rbac.authorization.k8s.io/v1
kind: Role
metadata:
  name: {{ include "alien.fullname" . }}
  labels:
    {{- include "alien.labels" . | nindent 4 }}
rules:
  - apiGroups: [""]
    resources: ["configmaps", "secrets", "services", "pods", "pods/log", "persistentvolumeclaims"]
    verbs: ["get", "list", "watch", "create", "update", "patch", "delete"]
  - apiGroups: [""]
    resources: ["events"]
    verbs: ["get", "list", "watch"]
  - apiGroups: ["apps"]
    resources: ["deployments", "statefulsets", "daemonsets", "replicasets"]
    verbs: ["get", "list", "watch", "create", "update", "patch", "delete"]
  - apiGroups: ["metrics.k8s.io"]
    resources: ["pods"]
    verbs: ["get", "list", "watch"]
  - apiGroups: ["batch"]
    resources: ["jobs"]
    verbs: ["get", "list", "watch", "create", "update", "patch", "delete"]
  - apiGroups: ["networking.k8s.io"]
    resources: ["networkpolicies"]
    verbs: ["get", "list", "watch", "create", "update", "patch", "delete"]
  {{- if and (ne $exposureMode "disabled") (eq $routeApi "ingress") }}
  - apiGroups: ["networking.k8s.io"]
    resources: ["ingresses"]
    verbs: ["get", "list", "watch", "create", "update", "patch", "delete"]
  {{- end }}
  {{- if and (ne $exposureMode "disabled") (eq $routeApi "gateway") }}
  - apiGroups: ["gateway.networking.k8s.io"]
    resources: ["gateways", "httproutes"]
    verbs: ["get", "list", "watch", "create", "update", "patch", "delete"]
  - apiGroups: ["networking.gke.io"]
    resources: ["healthcheckpolicies"]
    verbs: ["get", "list", "watch", "create", "update", "patch", "delete"]
  {{- end }}

=== templates/rolebinding.yaml ===
apiVersion: rbac.authorization.k8s.io/v1
kind: RoleBinding
metadata:
  name: {{ include "alien.fullname" . }}
  labels:
    {{- include "alien.labels" . | nindent 4 }}
subjects:
  - kind: ServiceAccount
    name: {{ include "alien.managerServiceAccountName" . }}
  {{- /* Execution ServiceAccounts (workers/daemons/containers) need RBAC to
         read their own vault secrets (e.g. the injected ALIEN_COMMANDS_TOKEN).
         Without this binding, the worker pod gets 403 reading any secret
         provisioned by the KubernetesVaultController. */}}
  {{- range $name, $account := .Values.serviceAccounts }}
  - kind: ServiceAccount
    name: {{ include "alien.serviceAccountName" (dict "root" $ "name" $name) }}
  {{- end }}
  {{- if .Values.upgrader.enabled }}
  - kind: ServiceAccount
    name: {{ include "alien.upgraderServiceAccountName" . }}
  {{- end }}
roleRef:
  apiGroup: rbac.authorization.k8s.io
  kind: Role
  name: {{ include "alien.fullname" . }}

=== templates/clusterrole.yaml ===
{{- $nodeCollectionEnabled := dig "collection" "nodes" "enabled" true (default dict .Values.heartbeat) -}}
{{- if $nodeCollectionEnabled }}
apiVersion: rbac.authorization.k8s.io/v1
kind: ClusterRole
metadata:
  name: {{ include "alien.heartbeatNodeClusterRoleName" . }}
  labels:
    {{- include "alien.labels" . | nindent 4 }}
rules:
  - apiGroups: [""]
    resources: ["nodes"]
    verbs: ["get", "list", "watch"]
  - apiGroups: ["metrics.k8s.io"]
    resources: ["nodes"]
    verbs: ["get", "list", "watch"]
{{- end }}

=== templates/clusterrolebinding.yaml ===
{{- $nodeCollectionEnabled := dig "collection" "nodes" "enabled" true (default dict .Values.heartbeat) -}}
{{- if $nodeCollectionEnabled }}
apiVersion: rbac.authorization.k8s.io/v1
kind: ClusterRoleBinding
metadata:
  name: {{ include "alien.heartbeatNodeClusterRoleName" . }}
  labels:
    {{- include "alien.labels" . | nindent 4 }}
subjects:
  - kind: ServiceAccount
    name: {{ include "alien.managerServiceAccountName" . }}
    namespace: {{ .Release.Namespace }}
roleRef:
  apiGroup: rbac.authorization.k8s.io
  kind: ClusterRole
  name: {{ include "alien.heartbeatNodeClusterRoleName" . }}
{{- end }}

=== templates/secret.yaml ===
{{- $createManagementSecret := not .Values.management.existingSecret.name -}}
{{- $createEncryptionSecret := not .Values.runtime.encryption.existingSecret.name -}}
{{- $encryptionKey := "" -}}
{{- if $createEncryptionSecret -}}
  {{- $providedKey := .Values.runtime.encryption.key | default "" | trim -}}
  {{- $existingKey := "" -}}
  {{- $existingSecret := lookup "v1" "Secret" .Release.Namespace (include "alien.fullname" .) -}}
  {{- if and $existingSecret $existingSecret.data -}}
    {{- with index $existingSecret.data "encryption-key" -}}
      {{- $existingKey = b64dec . -}}
    {{- end -}}
  {{- end -}}
  {{- if $providedKey -}}
    {{- $encryptionKey = $providedKey -}}
  {{- else if $existingKey -}}
    {{- $encryptionKey = $existingKey -}}
  {{- else -}}
    {{- /* sprig randBytes returns base64; b64dec to raw bytes then hex */ -}}
    {{- $encryptionKey = printf "%x" (b64dec (randBytes 32)) -}}
  {{- end -}}
{{- end -}}
{{- if or $createManagementSecret $createEncryptionSecret .Values.infrastructure }}
apiVersion: v1
kind: Secret
metadata:
  name: {{ include "alien.fullname" . }}
  labels:
    {{- include "alien.labels" . | nindent 4 }}
type: Opaque
stringData:
  {{- if $createManagementSecret }}
  sync-token: {{ required "management.token or management.existingSecret.name is required — pass the full values document" .Values.management.token | quote }}
  {{- end }}
  {{- if $createEncryptionSecret }}
  encryption-key: {{ $encryptionKey | quote }}
  {{- end }}
  {{- if .Values.infrastructure }}
  external-bindings.json: {{ toJson .Values.infrastructure | quote }}
  {{- end }}
{{- end }}

=== templates/configmap.yaml ===
{{- $defaultStackSettings := dict "deploymentModel" "pull" "updates" .Values.management.updates "telemetry" .Values.management.telemetry "heartbeats" .Values.management.healthChecks -}}
apiVersion: v1
kind: ConfigMap
metadata:
  name: {{ include "alien.fullname" . }}
  labels:
    {{- include "alien.labels" . | nindent 4 }}
data:
  stack.json: |-
{{ .Files.Get "files/stack.json" | indent 4 }}
  stack-settings.json: {{ toJson (default $defaultStackSettings .Values.stackSettings) | quote }}
  services.json: {{ toJson .Values.services | quote }}
  public-urls.json: {{ toJson (default dict .Values.publicUrls) | quote }}

=== templates/deployment.yaml ===
apiVersion: apps/v1
kind: Deployment
metadata:
  name: {{ include "alien.fullname" . }}
  labels:
    {{- include "alien.labels" . | nindent 4 }}
spec:
  replicas: {{ .Values.runtime.replicas }}
  # Recreate guarantees exactly one agent runs at any time, so the
  # InstanceLock is never contended — even during a self-update.
  strategy:
    type: Recreate
  progressDeadlineSeconds: {{ .Values.runtime.progressDeadlineSeconds | default 120 }}
  selector:
    matchLabels:
      app.kubernetes.io/name: {{ include "alien.name" . }}
      app.kubernetes.io/instance: {{ .Release.Name }}
  template:
    metadata:
      labels:
        {{- include "alien.labels" . | nindent 8 }}
        {{- with .Values.runtime.podLabels }}
        {{- toYaml . | nindent 8 }}
        {{- end }}
      {{- with .Values.runtime.podAnnotations }}
      annotations:
        {{- toYaml . | nindent 8 }}
      {{- end }}
    spec:
      serviceAccountName: {{ include "alien.managerServiceAccountName" . }}
      automountServiceAccountToken: {{ .Values.runtime.automountServiceAccountToken }}
      securityContext:
        {{- toYaml .Values.runtime.security.podSecurityContext | nindent 8 }}
      {{- with .Values.runtime.imagePullSecrets }}
      imagePullSecrets:
        {{- toYaml . | nindent 8 }}
      {{- end }}
      {{- with .Values.runtime.scheduling.nodeSelector }}
      nodeSelector:
        {{- toYaml . | nindent 8 }}
      {{- end }}
      {{- with .Values.runtime.scheduling.tolerations }}
      tolerations:
        {{- toYaml . | nindent 8 }}
      {{- end }}
      {{- with .Values.runtime.scheduling.affinity }}
      affinity:
        {{- toYaml . | nindent 8 }}
      {{- end }}
      {{- with .Values.runtime.scheduling.topologySpreadConstraints }}
      topologySpreadConstraints:
        {{- toYaml . | nindent 8 }}
      {{- end }}
      {{- if .Values.runtime.scheduling.priorityClassName }}
      priorityClassName: {{ .Values.runtime.scheduling.priorityClassName | quote }}
      {{- end }}
      {{- if .Values.runtime.scheduling.runtimeClassName }}
      runtimeClassName: {{ .Values.runtime.scheduling.runtimeClassName | quote }}
      {{- end }}
      containers:
        - name: agent
          image: "{{ .Values.runtime.image.repository }}:{{ .Values.runtime.image.tag }}"
          imagePullPolicy: {{ .Values.runtime.image.pullPolicy }}
          securityContext:
            {{- toYaml .Values.runtime.security.containerSecurityContext | nindent 12 }}
          env:
            - name: PLATFORM
              value: kubernetes
            {{- if .Values.basePlatform }}
            - name: BASE_PLATFORM
              value: {{ .Values.basePlatform | quote }}
            {{- end }}
            {{- if and (eq .Values.basePlatform "gcp") .Values.basePlatformConfig.gcp.projectId }}
            - name: GCP_PROJECT_ID
              value: {{ .Values.basePlatformConfig.gcp.projectId | quote }}
            - name: GOOGLE_CLOUD_PROJECT
              value: {{ .Values.basePlatformConfig.gcp.projectId | quote }}
            {{- end }}
            {{- if and (eq .Values.basePlatform "gcp") .Values.basePlatformConfig.gcp.region }}
            - name: GCP_REGION
              value: {{ .Values.basePlatformConfig.gcp.region | quote }}
            {{- end }}
            # `required` chart guardrail: any helm upgrade that does not
            # carry the full values document fails to render (Helm aborts
            # before touching the release). This is the protection against
            # bare `helm upgrade` silently resetting the agent's manager
            # config — manager-triggered, operator-triggered, or otherwise.
            - name: SYNC_URL
              value: {{ required "management.url is required — pass the full values document" .Values.management.url | quote }}
            - name: AGENT_NAME
              value: {{ required "management.name is required — pass the full values document" .Values.management.name | quote }}
            {{- if .Values.management.deploymentId }}
            - name: DEPLOYMENT_ID
              value: {{ .Values.management.deploymentId | quote }}
            {{- end }}
            - name: KUBERNETES_NAMESPACE
              value: {{ .Release.Namespace | quote }}
            - name: KUBERNETES_HELM_RELEASE
              value: {{ .Release.Name | quote }}
            - name: ALIEN_AGENT_UPGRADER_SA
              value: {{ include "alien.upgraderServiceAccountName" . | quote }}
            # Reported back on /v1/sync so the dashboard can surface the
            # registry an admin will pull a new tag from when pinning a
            # target agent version.
            - name: ALIEN_AGENT_IMAGE_REPOSITORY
              value: {{ .Values.runtime.image.repository | quote }}
            {{- if .Values.runtime.upgrade.chartRef }}
            # Used by the agent when it receives `agent_target.helm` and
            # spawns a Helm-runner Job to apply the new version. The Job
            # runs `helm upgrade --reuse-values` against this chart so only
            # the manager-supplied `values` override (e.g. image.tag) flips.
            - name: ALIEN_AGENT_CHART_REF
              value: {{ .Values.runtime.upgrade.chartRef | quote }}
            {{- end }}
            {{- if .Values.runtime.upgrade.chartVersion }}
            - name: ALIEN_AGENT_CHART_VERSION
              value: {{ .Values.runtime.upgrade.chartVersion | quote }}
            {{- end }}
            {{- if .Values.runtime.upgrade.helmRunnerImage }}
            - name: ALIEN_AGENT_HELM_RUNNER_IMAGE
              value: {{ .Values.runtime.upgrade.helmRunnerImage | quote }}
            {{- end }}
            {{- if .Values.serviceAccountPrefix }}
            # Pin the deployment's resource_prefix to the same value used for
            # ServiceAccount naming, so Helm-created SAs and vault secret names
            # stay aligned across agent restarts (pull-model storage is ephemeral
            # and the agent would otherwise regenerate a random prefix each time).
            - name: ALIEN_RESOURCE_PREFIX
              value: {{ .Values.serviceAccountPrefix | quote }}
            {{- end }}
            - name: SYNC_TOKEN_FILE
              value: /etc/alien/secrets/sync-token
            - name: AGENT_ENCRYPTION_KEY_FILE
              value: /etc/alien/secrets/encryption-key
            - name: STACK_SETTINGS_FILE
              value: /etc/alien/config/stack-settings.json
            - name: PUBLIC_URLS_FILE
              value: /etc/alien/config/public-urls.json
            {{- if .Values.infrastructure }}
            - name: EXTERNAL_BINDINGS_FILE
              value: /etc/alien/secrets/external-bindings.json
            {{- end }}
            - name: SYNC_INTERVAL
              value: "30"
            - name: OTLP_PORT
              value: {{ .Values.runtime.api.port | quote }}
            - name: OTLP_HOST
              value: {{ .Values.runtime.api.bindHost | quote }}
          ports:
            - name: otlp
              containerPort: {{ .Values.runtime.api.port }}
          {{- if .Values.runtime.probes.liveness.enabled }}
          livenessProbe:
            httpGet:
              path: {{ .Values.runtime.probes.liveness.path | quote }}
              port: otlp
            initialDelaySeconds: {{ .Values.runtime.probes.liveness.initialDelaySeconds }}
            periodSeconds: {{ .Values.runtime.probes.liveness.periodSeconds }}
            timeoutSeconds: {{ .Values.runtime.probes.liveness.timeoutSeconds }}
            failureThreshold: {{ .Values.runtime.probes.liveness.failureThreshold }}
          {{- end }}
          {{- if .Values.runtime.probes.readiness.enabled }}
          readinessProbe:
            httpGet:
              path: {{ .Values.runtime.probes.readiness.path | quote }}
              port: otlp
            initialDelaySeconds: {{ .Values.runtime.probes.readiness.initialDelaySeconds }}
            periodSeconds: {{ .Values.runtime.probes.readiness.periodSeconds }}
            timeoutSeconds: {{ .Values.runtime.probes.readiness.timeoutSeconds }}
            failureThreshold: {{ .Values.runtime.probes.readiness.failureThreshold }}
          {{- end }}
          volumeMounts:
            - name: config
              mountPath: /etc/alien/config
              readOnly: true
            - name: management-token
              mountPath: /etc/alien/secrets/sync-token
              subPath: sync-token
              readOnly: true
            - name: encryption-key
              mountPath: /etc/alien/secrets/encryption-key
              subPath: {{ include "alien.encryptionSecretKey" . }}
              readOnly: true
            {{- if .Values.infrastructure }}
            - name: external-bindings
              mountPath: /etc/alien/secrets/external-bindings.json
              subPath: external-bindings.json
              readOnly: true
            {{- end }}
            {{- if .Values.runtime.tmp.enabled }}
            - name: tmp
              mountPath: /tmp
            {{- end }}
            - name: runtime-data
              mountPath: {{ .Values.runtime.data.mountPath | quote }}
          resources:
            {{- toYaml .Values.runtime.resources | nindent 12 }}
      volumes:
        - name: config
          configMap:
            name: {{ include "alien.fullname" . }}
        - name: management-token
          secret:
            secretName: {{ include "alien.managementSecretName" . }}
            items:
              - key: {{ include "alien.managementSecretTokenKey" . }}
                path: sync-token
            defaultMode: 384
        - name: encryption-key
          secret:
            secretName: {{ include "alien.encryptionSecretName" . }}
            defaultMode: 384
        {{- if .Values.infrastructure }}
        - name: external-bindings
          secret:
            secretName: {{ include "alien.fullname" . }}
            items:
              - key: external-bindings.json
                path: external-bindings.json
            defaultMode: 384
        {{- end }}
        {{- if .Values.runtime.tmp.enabled }}
        - name: tmp
          emptyDir:
            sizeLimit: {{ .Values.runtime.tmp.sizeLimit | quote }}
        {{- end }}
        - name: runtime-data
          {{- if .Values.runtime.data.persistence.enabled }}
          persistentVolumeClaim:
            claimName: {{ default (printf "%s-runtime-data" (include "alien.fullname" .)) .Values.runtime.data.persistence.existingClaim }}
          {{- else }}
          emptyDir: {}
          {{- end }}

=== templates/pvc.yaml ===
{{- if and .Values.runtime.data.persistence.enabled (not .Values.runtime.data.persistence.existingClaim) }}
apiVersion: v1
kind: PersistentVolumeClaim
metadata:
  name: {{ printf "%s-runtime-data" (include "alien.fullname" .) }}
  labels:
    {{- include "alien.labels" . | nindent 4 }}
spec:
  accessModes:
    {{- toYaml .Values.runtime.data.persistence.accessModes | nindent 4 }}
  {{- if .Values.runtime.data.persistence.storageClassName }}
  storageClassName: {{ .Values.runtime.data.persistence.storageClassName | quote }}
  {{- end }}
  resources:
    requests:
      storage: {{ .Values.runtime.data.persistence.size | quote }}
{{- end }}

=== templates/service.yaml ===
{{- if .Values.runtime.api.enabled }}
apiVersion: v1
kind: Service
metadata:
  name: {{ include "alien.fullname" . }}
  labels:
    {{- include "alien.labels" . | nindent 4 }}
spec:
  type: {{ .Values.runtime.api.service.type }}
  selector:
    app.kubernetes.io/name: {{ include "alien.name" . }}
    app.kubernetes.io/instance: {{ .Release.Name }}
  ports:
    - name: http
      port: {{ .Values.runtime.api.port }}
      targetPort: otlp
{{- end }}

=== templates/app-service.yaml ===
{{- range $id, $service := .Values.services }}
apiVersion: v1
kind: Service
metadata:
  name: {{ include "alien.resourceName" (dict "root" $ "name" $id) }}
  labels:
    {{- include "alien.labels" $ | nindent 4 }}
    alien.dev/resource-id: {{ $id | quote }}
spec:
  type: {{ if eq $service.type "loadBalancer" }}LoadBalancer{{ else }}ClusterIP{{ end }}
  selector:
    app: {{ include "alien.resourceName" (dict "root" $ "name" $id) }}
    managed-by: alien
    component: {{ $service.component | quote }}
  ports:
    - name: http
      port: {{ default 80 $service.port }}
      targetPort: {{ default 8080 $service.targetPort }}
---
{{- end }}

=== templates/cluster-bootstrap.yaml ===
{{- $bootstrap := default dict .Values.clusterBootstrap -}}
{{- $storage := dig "storageClass" "default" dict $bootstrap -}}
{{- if dig "enabled" false $storage }}
{{- $storageName := required "clusterBootstrap.storageClass.default.name is required when enabled" $storage.name -}}
{{- $provisioner := required "clusterBootstrap.storageClass.default.provisioner is required when enabled" $storage.provisioner -}}
apiVersion: storage.k8s.io/v1
kind: StorageClass
metadata:
  name: {{ $storageName | quote }}
  annotations:
    storageclass.kubernetes.io/is-default-class: "true"
  labels:
    {{- include "alien.labels" . | nindent 4 }}
provisioner: {{ $provisioner | quote }}
{{ with $storage.parameters }}
parameters:
  {{ range $key, $value := . }}
  {{ $key }}: {{ $value | quote }}
  {{ end }}
{{ end }}
reclaimPolicy: Delete
volumeBindingMode: WaitForFirstConsumer
allowVolumeExpansion: true
{{ end }}
{{- $eksAlb := dig "ingress" "eksAutoMode" dict $bootstrap -}}
{{- if dig "enabled" false $eksAlb }}
{{- $ingressClassName := required "clusterBootstrap.ingress.eksAutoMode.name is required when enabled" $eksAlb.name -}}
{{- $controller := required "clusterBootstrap.ingress.eksAutoMode.controller is required when enabled" $eksAlb.controller -}}
---
apiVersion: eks.amazonaws.com/v1
kind: IngressClassParams
metadata:
  name: {{ $ingressClassName | quote }}
  labels:
    {{- include "alien.labels" . | nindent 4 }}
spec:
  scheme: {{ default "internet-facing" $eksAlb.scheme | quote }}
  {{ with $eksAlb.subnetIds }}
  subnets:
    ids:
      {{ range . }}
      - {{ . | quote }}
      {{ end }}
  {{ end }}
---
apiVersion: networking.k8s.io/v1
kind: IngressClass
metadata:
  name: {{ $ingressClassName | quote }}
  labels:
    {{- include "alien.labels" . | nindent 4 }}
spec:
  controller: {{ $controller | quote }}
  parameters:
    apiGroup: eks.amazonaws.com
    kind: IngressClassParams
    name: {{ $ingressClassName | quote }}
{{ end }}
{{- $eksArm64NodePool := dig "compute" "eksAutoMode" "arm64NodePool" dict $bootstrap -}}
{{- if dig "enabled" false $eksArm64NodePool }}
{{- $nodePoolName := required "clusterBootstrap.compute.eksAutoMode.arm64NodePool.name is required when enabled" $eksArm64NodePool.name -}}
{{- $nodeClassName := required "clusterBootstrap.compute.eksAutoMode.arm64NodePool.nodeClassName is required when enabled" $eksArm64NodePool.nodeClassName -}}
---
apiVersion: karpenter.sh/v1
kind: NodePool
metadata:
  name: {{ $nodePoolName | quote }}
  labels:
    {{- include "alien.labels" . | nindent 4 }}
spec:
  template:
    spec:
      nodeClassRef:
        group: eks.amazonaws.com
        kind: NodeClass
        name: {{ $nodeClassName | quote }}
      requirements:
        - key: karpenter.sh/capacity-type
          operator: In
          values:
            - {{ default "on-demand" $eksArm64NodePool.capacityType | quote }}
        - key: kubernetes.io/arch
          operator: In
          values:
            - "arm64"
        - key: eks.amazonaws.com/instance-category
          operator: In
          values:
            {{ range (default (list "c" "m" "r") $eksArm64NodePool.instanceCategories) }}
            - {{ . | quote }}
            {{ end }}
        - key: eks.amazonaws.com/instance-generation
          operator: Gt
          values:
            - {{ default "5" $eksArm64NodePool.minInstanceGeneration | quote }}
  {{ with $eksArm64NodePool.limits }}
  limits:
    {{ with .cpu }}
    cpu: {{ . | quote }}
    {{ end }}
    {{ with .memory }}
    memory: {{ . | quote }}
    {{ end }}
  {{ end }}
{{ end }}
{{- $metrics := dig "metricsServer" dict $bootstrap -}}
{{- if dig "enabled" false $metrics }}
---
apiVersion: v1
kind: ServiceAccount
metadata:
  name: metrics-server
  namespace: kube-system
  labels:
    k8s-app: metrics-server
    {{- include "alien.labels" . | nindent 4 }}
---
apiVersion: rbac.authorization.k8s.io/v1
kind: ClusterRole
metadata:
  name: system:aggregated-metrics-reader
  labels:
    k8s-app: metrics-server
    rbac.authorization.k8s.io/aggregate-to-admin: "true"
    rbac.authorization.k8s.io/aggregate-to-edit: "true"
    rbac.authorization.k8s.io/aggregate-to-view: "true"
    {{- include "alien.labels" . | nindent 4 }}
rules:
  - apiGroups: ["metrics.k8s.io"]
    resources: ["pods", "nodes"]
    verbs: ["get", "list", "watch"]
---
apiVersion: rbac.authorization.k8s.io/v1
kind: ClusterRole
metadata:
  name: system:metrics-server
  labels:
    k8s-app: metrics-server
    {{- include "alien.labels" . | nindent 4 }}
rules:
  - apiGroups: [""]
    resources: ["nodes/metrics"]
    verbs: ["get"]
  - apiGroups: [""]
    resources: ["pods", "nodes"]
    verbs: ["get", "list", "watch"]
---
apiVersion: rbac.authorization.k8s.io/v1
kind: RoleBinding
metadata:
  name: metrics-server-auth-reader
  namespace: kube-system
  labels:
    k8s-app: metrics-server
    {{- include "alien.labels" . | nindent 4 }}
roleRef:
  apiGroup: rbac.authorization.k8s.io
  kind: Role
  name: extension-apiserver-authentication-reader
subjects:
  - kind: ServiceAccount
    name: metrics-server
    namespace: kube-system
---
apiVersion: rbac.authorization.k8s.io/v1
kind: ClusterRoleBinding
metadata:
  name: metrics-server:system:auth-delegator
  labels:
    k8s-app: metrics-server
    {{- include "alien.labels" . | nindent 4 }}
roleRef:
  apiGroup: rbac.authorization.k8s.io
  kind: ClusterRole
  name: system:auth-delegator
subjects:
  - kind: ServiceAccount
    name: metrics-server
    namespace: kube-system
---
apiVersion: rbac.authorization.k8s.io/v1
kind: ClusterRoleBinding
metadata:
  name: system:metrics-server
  labels:
    k8s-app: metrics-server
    {{- include "alien.labels" . | nindent 4 }}
roleRef:
  apiGroup: rbac.authorization.k8s.io
  kind: ClusterRole
  name: system:metrics-server
subjects:
  - kind: ServiceAccount
    name: metrics-server
    namespace: kube-system
---
apiVersion: v1
kind: Service
metadata:
  name: metrics-server
  namespace: kube-system
  labels:
    k8s-app: metrics-server
    {{- include "alien.labels" . | nindent 4 }}
spec:
  selector:
    k8s-app: metrics-server
  ports:
    - name: https
      port: 443
      protocol: TCP
      targetPort: https
---
apiVersion: apps/v1
kind: Deployment
metadata:
  name: metrics-server
  namespace: kube-system
  labels:
    k8s-app: metrics-server
    {{- include "alien.labels" . | nindent 4 }}
spec:
  selector:
    matchLabels:
      k8s-app: metrics-server
  template:
    metadata:
      labels:
        k8s-app: metrics-server
    spec:
      serviceAccountName: metrics-server
      containers:
        - name: metrics-server
          image: {{ default "registry.k8s.io/metrics-server/metrics-server:v0.8.1" $metrics.image | quote }}
          imagePullPolicy: IfNotPresent
          args:
            - --cert-dir=/tmp
            - --secure-port=10250
            - --kubelet-preferred-address-types=InternalIP,ExternalIP,Hostname
            - --kubelet-use-node-status-port
            - --metric-resolution=15s
          ports:
            - name: https
              containerPort: 10250
              protocol: TCP
          livenessProbe:
            httpGet:
              path: /livez
              port: https
              scheme: HTTPS
            initialDelaySeconds: 10
            periodSeconds: 10
          readinessProbe:
            httpGet:
              path: /readyz
              port: https
              scheme: HTTPS
            initialDelaySeconds: 20
            periodSeconds: 10
          securityContext:
            allowPrivilegeEscalation: false
            readOnlyRootFilesystem: true
            runAsNonRoot: true
            runAsUser: 1000
          volumeMounts:
            - name: tmp
              mountPath: /tmp
      volumes:
        - name: tmp
          emptyDir: {}
---
apiVersion: apiregistration.k8s.io/v1
kind: APIService
metadata:
  name: v1beta1.metrics.k8s.io
  labels:
    k8s-app: metrics-server
    {{- include "alien.labels" . | nindent 4 }}
spec:
  service:
    name: metrics-server
    namespace: kube-system
  group: metrics.k8s.io
  version: v1beta1
  insecureSkipTLSVerify: true
  groupPriorityMinimum: 100
  versionPriority: 100
{{- end }}

=== templates/poddisruptionbudget.yaml ===
{{- if .Values.runtime.pdb.enabled }}
apiVersion: policy/v1
kind: PodDisruptionBudget
metadata:
  name: {{ include "alien.fullname" . }}
  labels:
    {{- include "alien.labels" . | nindent 4 }}
spec:
  {{- if hasKey .Values.runtime.pdb "maxUnavailable" }}
  maxUnavailable: {{ .Values.runtime.pdb.maxUnavailable }}
  {{- else }}
  minAvailable: {{ .Values.runtime.pdb.minAvailable }}
  {{- end }}
  selector:
    matchLabels:
      app.kubernetes.io/name: {{ include "alien.name" . }}
      app.kubernetes.io/instance: {{ .Release.Name }}
{{- end }}

=== templates/networkpolicy.yaml ===
{{- if .Values.runtime.networkPolicy.enabled }}
apiVersion: networking.k8s.io/v1
kind: NetworkPolicy
metadata:
  name: {{ include "alien.fullname" . }}
  labels:
    {{- include "alien.labels" . | nindent 4 }}
spec:
  podSelector:
    matchLabels:
      app.kubernetes.io/name: {{ include "alien.name" . }}
      app.kubernetes.io/instance: {{ .Release.Name }}
  policyTypes:
    {{- if .Values.runtime.networkPolicy.ingress.enabled }}
    - Ingress
    {{- end }}
    {{- if .Values.runtime.networkPolicy.egress.enabled }}
    - Egress
    {{- end }}
  {{- if .Values.runtime.networkPolicy.ingress.enabled }}
  ingress:
    - {}
  {{- end }}
  {{- if .Values.runtime.networkPolicy.egress.enabled }}
  egress:
    - {}
  {{- end }}
{{- end }}

=== examples/eks.yaml ===
management:
  token: "dg_replace_me"
  name: "production"
  url: "https://manager.example.com"
  deploymentId: "dep_replace_me"
  updates: auto
  telemetry: auto
  healthChecks: "on"

serviceAccounts:
  {}

services:
  {}

=== examples/gke.yaml ===
management:
  token: "dg_replace_me"
  name: "production"
  url: "https://manager.example.com"
  deploymentId: "dep_replace_me"
  updates: auto
  telemetry: auto
  healthChecks: "on"

serviceAccounts:
  {}

services:
  {}

=== examples/aks.yaml ===
management:
  token: "dg_replace_me"
  name: "production"
  url: "https://manager.example.com"
  deploymentId: "dep_replace_me"
  updates: auto
  telemetry: auto
  healthChecks: "on"

serviceAccounts:
  {}

services:
  {}

=== examples/onprem.yaml ===
management:
  token: "dg_replace_me"
  name: "production"
  url: "https://manager.example.com"
  deploymentId: null
  updates: auto
  telemetry: auto
  healthChecks: "on"

stackSettings:
  deploymentModel: pull
  network: null
  domains: null
  updates: auto
  telemetry: auto
  heartbeats: "on"

serviceAccounts:
  {}

infrastructure:
  assets:
    type: storage
    service: s3
    bucketName: 'your-assets-bucket'
  jobs:
    type: queue
    service: sqs
    queueUrl: 'https://sqs.us-east-1.amazonaws.com/123456789012/jobs'
  metadata:
    type: kv
    service: redis
    connectionUrl: 'redis://metadata.internal:6379'
  secrets:
    type: vault
    service: kubernetes-secret
    namespace: 'default'
    vaultPrefix: 'secrets'
  registry:
    type: artifact_registry
    service: local
    registryUrl: 'registry.example.com'
    dataDir: null

services:
  {}

=== README.md ===
# data-chart

Install this chart into an existing Kubernetes cluster:

```bash
helm install data-chart ./data-chart --namespace production --create-namespace --values values.yaml
```

The generated `values.yaml` contains placeholders for management, service-account identity annotations, agent-local infrastructure bindings, and the Kubernetes exposure profile. The chart no longer renders per-app public `Ingress` objects from `services.*.host` or hostless ingress values; public endpoints are runtime-owned through `stackSettings.kubernetes.exposure`.

See `examples/<target>.yaml` for ready-to-use values matching EKS / GKE / AKS / on-prem.

=== files/stack.json ===
{
  "id": "data-chart",
  "resources": {
    "assets": {
      "config": {
        "id": "assets",
        "lifecycleRules": [],
        "publicRead": false,
        "type": "storage",
        "versioning": false
      },
      "lifecycle": "frozen",
      "dependencies": [],
      "remoteAccess": false
    },
    "jobs": {
      "config": {
        "id": "jobs",
        "type": "queue"
      },
      "lifecycle": "frozen",
      "dependencies": [],
      "remoteAccess": false
    },
    "metadata": {
      "config": {
        "id": "metadata",
        "type": "kv"
      },
      "lifecycle": "frozen",
      "dependencies": [],
      "remoteAccess": false
    },
    "secrets": {
      "config": {
        "id": "secrets",
        "type": "vault"
      },
      "lifecycle": "frozen",
      "dependencies": [],
      "remoteAccess": false
    },
    "registry": {
      "config": {
        "id": "registry",
        "type": "artifact-registry"
      },
      "lifecycle": "frozen",
      "dependencies": [],
      "remoteAccess": false
    }
  },
  "permissions": {
    "profiles": {},
    "management": "auto"
  }
}

=== files/stack-settings.json ===
{}
