---
source: crates/alien-terraform/tests/generator/helpers.rs
expression: buf
---
=== versions.tf ===
terraform {
  required_version = ">= 1.5.0"

  required_providers {
    google = {
      source  = "hashicorp/google"
      version = ">= 5.0"
    }
    time = {
      source  = "hashicorp/time"
      version = ">= 0.9"
    }
    random = {
      source  = "hashicorp/random"
      version = ">= 3.6"
    }
  }
}

=== variables.tf ===
variable "resource_prefix" {
  type        = string
  description = "Optional stable physical resource prefix. Leave empty to generate one."
  default     = ""

  validation {
    condition     = var.resource_prefix == "" || (can(regex("^[a-z][a-z0-9-]{1,38}[a-z0-9]$", var.resource_prefix)) && length(regexall("--", var.resource_prefix)) == 0)
    error_message = "resource_prefix must be 3-40 characters: lowercase letters, numbers, and hyphens; start with a letter; end with a letter or number; and not contain consecutive hyphens."
  }
}

variable "name" {
  type        = string
  description = "Human-readable application name shown in setup and cloud IAM review metadata."
}

variable "token" {
  type        = string
  description = "Install token from the application setup page. This is the same token used by the deploy CLI --token flag."
  sensitive   = true
}

variable "manager_url" {
  type        = string
  description = "Optional manager endpoint used by pull-style runtimes."
  default     = ""
}

variable "stack_settings_json" {
  type        = string
  description = "Optional JSON-encoded StackSettings override supplied by deployment installers."
  default     = "{}"
  sensitive   = true
}

variable "gcp_project" {
  type        = string
  description = "GCP project ID."
}

variable "gcp_region" {
  type        = string
  description = "GCP region."
  default     = "us-central1"
}

variable "managing_service_account_email" {
  type        = string
  description = "Email of the manager's service account that may impersonate the management identity. Empty disables the binding."
  default     = ""
}

variable "gcp_manage_custom_roles" {
  type        = bool
  description = "Whether this module creates the GCP project custom roles it binds. Set to false when those roles are managed outside this stack."
  default     = true
}

variable "gcp_custom_role_prefix" {
  type        = string
  description = "Prefix used for GCP project custom role IDs when gcp_manage_custom_roles is false. Empty uses resource_prefix."
  default     = ""
}

=== providers.tf ===
provider "google" {
  project = var.gcp_project
  region  = var.gcp_region
}

=== resource_prefix.tf ===
resource "random_id" "resource_prefix" {
  byte_length = 4
}

=== locals.tf ===
locals {
  resource_prefix        = var.resource_prefix == "" ? format("a%s", random_id.resource_prefix.hex) : var.resource_prefix
  deployment_name        = var.name
  gcp_custom_role_prefix = substr(replace(lower(var.gcp_custom_role_prefix == "" ? local.resource_prefix : var.gcp_custom_role_prefix), "-", "_"), 0, 18)
  deployment_platform    = "gcp"
  deployment_target      = "gcp"
  deployment_region      = var.gcp_region
  deployment_management_config = {
    platform            = "gcp"
    projectId           = var.gcp_project
    serviceAccountEmail = var.managing_service_account_email
  }
  deployment_settings = jsondecode(var.stack_settings_json)
  deployment_resources = [
    {
      id   = "management"
      type = "remote-stack-management"
      importData = {
        projectId                    = var.gcp_project
        projectNumber                = data.google_project.current.number
        serviceAccountEmail          = google_service_account.management.email
        serviceAccountUniqueId       = google_service_account.management.unique_id
        managementPermissionsApplied = true
      }
    }
  ]
}

=== management.tf ===
data "google_project" "current" {
  project_id = var.gcp_project
}

resource "google_service_account" "management" {
  project      = var.gcp_project
  account_id   = format("%s-%s", trim(substr(replace(lower(format("a-%s-management", local.resource_prefix)), "_", "-"), 0, 21), "-"), substr(sha1(replace(lower(format("%s-management", local.resource_prefix)), "_", "-")), 0, 8))
  display_name = "${local.deployment_name}: Management service account"
  description  = "Management cloud identity for ${local.deployment_name}. Resource prefix: ${local.resource_prefix}."
}

resource "google_project_iam_custom_role" "gcp_role_manage_cloud_run_services" {
  count       = var.gcp_manage_custom_roles ? 1 : 0
  project     = var.gcp_project
  role_id     = format("role_%s_manage_cloud_run_services", local.gcp_custom_role_prefix)
  title       = "${local.deployment_name}: Manage Cloud Run Services"
  description = "Used by ${local.deployment_name}. Update Cloud Run services, jobs, schedulers, Pub/Sub triggers, and IAM bindings owned by this application. Resource prefix: ${local.resource_prefix}."
  stage       = "GA"
  permissions = [
    "iam.serviceAccounts.actAs",
    "iam.serviceAccounts.getIamPolicy",
    "iam.serviceAccounts.setIamPolicy",
    "pubsub.subscriptions.create",
    "pubsub.subscriptions.delete",
    "pubsub.subscriptions.get",
    "pubsub.subscriptions.update",
    "pubsub.topics.attachSubscription",
    "pubsub.topics.create",
    "pubsub.topics.delete",
    "pubsub.topics.get",
    "pubsub.topics.update",
    "resourcemanager.projects.get",
    "run.configurations.get",
    "run.configurations.list",
    "run.executions.delete",
    "run.executions.get",
    "run.executions.list",
    "run.jobs.createTagBinding",
    "run.jobs.deleteTagBinding",
    "run.jobs.getIamPolicy",
    "run.jobs.setIamPolicy",
    "run.jobs.update",
    "run.locations.list",
    "run.operations.delete",
    "run.operations.get",
    "run.operations.list",
    "run.revisions.delete",
    "run.revisions.get",
    "run.revisions.list",
    "run.routes.get",
    "run.routes.list",
    "run.services.createTagBinding",
    "run.services.deleteTagBinding",
    "run.services.get",
    "run.services.getIamPolicy",
    "run.services.list",
    "run.services.listEffectiveTags",
    "run.services.listTagBindings",
    "run.services.setIamPolicy",
    "run.services.update",
    "run.tasks.get",
    "run.tasks.list"
  ]
}

resource "google_project_iam_custom_role" "gcp_role_manage_cloud_run_https_endpoints" {
  count       = var.gcp_manage_custom_roles ? 1 : 0
  project     = var.gcp_project
  role_id     = format("role_%s_manage_cloud_run_https_endpoints", local.gcp_custom_role_prefix)
  title       = "${local.deployment_name}: Manage Cloud Run HTTPS Endpoints"
  description = "Used by ${local.deployment_name}. Create, update, and delete Google Cloud HTTPS load-balancer resources used by Cloud Run public endpoints. Resource prefix: ${local.resource_prefix}."
  stage       = "GA"
  permissions = [
    "compute.backendServices.create",
    "compute.backendServices.delete",
    "compute.backendServices.get",
    "compute.backendServices.update",
    "compute.backendServices.use",
    "compute.globalAddresses.create",
    "compute.globalAddresses.delete",
    "compute.globalAddresses.get",
    "compute.globalForwardingRules.create",
    "compute.globalForwardingRules.delete",
    "compute.globalForwardingRules.get",
    "compute.regionNetworkEndpointGroups.create",
    "compute.regionNetworkEndpointGroups.delete",
    "compute.regionNetworkEndpointGroups.get",
    "compute.regionNetworkEndpointGroups.use",
    "compute.sslCertificates.create",
    "compute.sslCertificates.delete",
    "compute.sslCertificates.get",
    "compute.targetHttpsProxies.create",
    "compute.targetHttpsProxies.delete",
    "compute.targetHttpsProxies.get",
    "compute.targetHttpsProxies.use",
    "compute.urlMaps.create",
    "compute.urlMaps.delete",
    "compute.urlMaps.get",
    "compute.urlMaps.use"
  ]
}

resource "google_project_iam_member" "gcp_role_manage_cloud_run_services_management_binding_0" {
  project = var.gcp_project
  role    = var.gcp_manage_custom_roles ? google_project_iam_custom_role.gcp_role_manage_cloud_run_services[0].name : format("projects/%s/roles/role_%s_manage_cloud_run_services", var.gcp_project, local.gcp_custom_role_prefix)
  member  = "serviceAccount:${google_service_account.management.email}"
}

resource "google_project_iam_member" "gcp_role_manage_cloud_run_https_endpoints_management_binding_1" {
  project = var.gcp_project
  role    = var.gcp_manage_custom_roles ? google_project_iam_custom_role.gcp_role_manage_cloud_run_https_endpoints[0].name : format("projects/%s/roles/role_%s_manage_cloud_run_https_endpoints", var.gcp_project, local.gcp_custom_role_prefix)
  member  = "serviceAccount:${google_service_account.management.email}"
}

resource "google_project_iam_custom_role" "gcp_role_check_cloud_storage_health" {
  count       = var.gcp_manage_custom_roles ? 1 : 0
  project     = var.gcp_project
  role_id     = format("role_%s_check_cloud_storage_health", local.gcp_custom_role_prefix)
  title       = "${local.deployment_name}: Check Cloud Storage Health"
  description = "Used by ${local.deployment_name}. Read Cloud Storage bucket configuration needed for application health checks. Resource prefix: ${local.resource_prefix}."
  stage       = "GA"
  permissions = [
    "storage.bucketOperations.get",
    "storage.bucketOperations.list",
    "storage.buckets.get",
    "storage.buckets.getIamPolicy",
    "storage.hmacKeys.get",
    "storage.hmacKeys.list",
    "storage.managedFolders.get",
    "storage.managedFolders.getIamPolicy",
    "storage.managedFolders.list"
  ]
}

resource "google_project_iam_member" "gcp_role_check_cloud_storage_health_management_binding_0" {
  project = var.gcp_project
  role    = var.gcp_manage_custom_roles ? google_project_iam_custom_role.gcp_role_check_cloud_storage_health[0].name : format("projects/%s/roles/role_%s_check_cloud_storage_health", var.gcp_project, local.gcp_custom_role_prefix)
  member  = "serviceAccount:${google_service_account.management.email}"
}

resource "google_service_account_iam_member" "management_manager_token_creator" {
  for_each           = toset(compact([var.managing_service_account_email]))
  service_account_id = google_service_account.management.id
  role               = "roles/iam.serviceAccountTokenCreator"
  member             = "serviceAccount:${each.value}"
}

resource "google_service_account_iam_member" "management_manager_user" {
  for_each           = toset(compact([var.managing_service_account_email]))
  service_account_id = google_service_account.management.id
  role               = "roles/iam.serviceAccountUser"
  member             = "serviceAccount:${each.value}"
}

=== iam_propagation.tf ===
resource "time_sleep" "gcp_iam_propagation" {
  create_duration = "120s"
  depends_on = [
    google_project_iam_member.gcp_role_manage_cloud_run_services_management_binding_0,
    google_project_iam_member.gcp_role_manage_cloud_run_https_endpoints_management_binding_1,
    google_project_iam_member.gcp_role_check_cloud_storage_health_management_binding_0,
    google_service_account_iam_member.management_manager_token_creator,
    google_service_account_iam_member.management_manager_user
  ]
}

=== import.tf ===
resource "terraform_data" "deployment_import" {
  input = {
    platform                    = local.deployment_platform
    token                       = var.token
    name                        = var.name
    resource_prefix             = local.resource_prefix
    setup_target                = ""
    setup_import_format_version = 1
    setup_fingerprint           = ""
    setup_fingerprint_version   = 0
    manager_url                 = var.manager_url
    management_config           = local.deployment_management_config
    stack_settings              = local.deployment_settings
    resources                   = local.deployment_resources
  }
  depends_on = [
    google_service_account.management,
    google_project_iam_custom_role.gcp_role_manage_cloud_run_services,
    google_project_iam_custom_role.gcp_role_manage_cloud_run_https_endpoints,
    google_project_iam_member.gcp_role_manage_cloud_run_services_management_binding_0,
    google_project_iam_member.gcp_role_manage_cloud_run_https_endpoints_management_binding_1,
    google_project_iam_custom_role.gcp_role_check_cloud_storage_health,
    google_project_iam_member.gcp_role_check_cloud_storage_health_management_binding_0,
    google_service_account_iam_member.management_manager_token_creator,
    google_service_account_iam_member.management_manager_user,
    time_sleep.gcp_iam_propagation
  ]
}

=== outputs.tf ===
output "deployment_target" {
  value       = "gcp"
  description = "Terraform module target."
}

output "deployment_resource_prefix" {
  value       = local.resource_prefix
  description = "Physical resource prefix."
}

output "deployment_platform" {
  value       = local.deployment_platform
  description = "Target platform."
}

output "deployment_region" {
  value       = local.deployment_region
  description = "Target cloud region or location."
}

output "deployment_setup_target" {
  value       = ""
  description = "Setup target."
}

output "deployment_setup_import_format_version" {
  value       = 1
  description = "Setup import payload format version."
}

output "deployment_setup_fingerprint" {
  value       = ""
  description = "Setup compatibility fingerprint."
}

output "deployment_setup_fingerprint_version" {
  value       = 0
  description = "Setup fingerprint algorithm version."
}

output "deployment_management_config" {
  value       = jsonencode(local.deployment_management_config)
  description = "Manager import ManagementConfig JSON."
}

output "deployment_stack_settings" {
  value       = jsonencode(local.deployment_settings)
  description = "Manager import StackSettings JSON."
  sensitive   = true
}

output "deployment_resources" {
  value       = jsonencode(local.deployment_resources)
  description = "Manager import resources JSON."
}

=== README.md ===
# Terraform module - acme-mgmt

Target: `gcp`.

Run:

```bash
terraform init -backend=false
terraform validate
terraform apply -var='name=acme-mgmt' -var='token=...'
```

This module exposes `deployment_management_config` / `deployment_stack_settings` / `deployment_resources` for external registration flows.
