---
source: crates/alien-terraform/tests/generator/helpers.rs
assertion_line: 54
expression: buf
---
=== versions.tf ===
terraform {
  required_version = ">= 1.5.0"

  required_providers {
    aws = {
      source  = "hashicorp/aws"
      version = ">= 5.0"
    }
  }
}

=== variables.tf ===
variable "stack_name" {
  type        = string
  description = "Stable physical-name prefix for resources created by this setup."
}

variable "name" {
  type        = string
  description = "Human-readable deployment name shown in the deployment portal."
}

variable "token" {
  type        = string
  description = "Deployment token from the deployment page. This is the same token used by the deploy CLI --token flag."
  sensitive   = true
}

variable "manager_url" {
  type        = string
  description = "Optional manager endpoint used by pull-style runtimes."
  default     = ""
}

variable "stack_settings_json" {
  type        = string
  description = "Optional JSON-encoded StackSettings override supplied by deployment installers."
  default     = "{}"
  sensitive   = true
}

variable "aws_region" {
  type        = string
  description = "AWS region used by the AWS provider."
  default     = "us-east-1"
}

variable "managing_role_arn" {
  type        = string
  description = "ARN of the manager IAM identity allowed to assume management roles."
  default     = ""
}

variable "managing_account_id" {
  type        = string
  description = "Account ID hosting the manager. Referenced by resource-side IAM policies that scope cross-account image pulls. Empty disables those grants."
  default     = ""
}

=== providers.tf ===
provider "aws" {
  region = var.aws_region
}

data "aws_caller_identity" "current" {}

data "aws_region" "current" {}

=== locals.tf ===
locals {
  resource_prefix     = var.stack_name
  deployment_platform = "aws"
  deployment_target   = "aws"
  deployment_region   = data.aws_region.current.region
  deployment_management_config = {
    platform        = "aws"
    managingRoleArn = var.managing_role_arn
  }
  deployment_settings = jsondecode(var.stack_settings_json)
  deployment_resources = [
    {
      id   = "assets"
      type = "storage"
      importData = {
        bucketName = aws_s3_bucket.assets.bucket
        bucketArn  = aws_s3_bucket.assets.arn
      }
    },
    {
      id   = "jobs"
      type = "queue"
      importData = {
        queueName = aws_sqs_queue.jobs.name
        queueUrl  = aws_sqs_queue.jobs.url
        queueArn  = aws_sqs_queue.jobs.arn
      }
    },
    {
      id   = "metadata"
      type = "kv"
      importData = {
        tableName = aws_dynamodb_table.metadata.name
        tableArn  = aws_dynamodb_table.metadata.arn
      }
    },
    {
      id   = "secrets"
      type = "vault"
      importData = {
        accountId       = data.aws_caller_identity.current.account_id
        region          = data.aws_region.current.region
        parameterPrefix = "${local.resource_prefix}-secrets"
      }
    }
  ]
}

=== assets.tf ===
resource "aws_s3_bucket" "assets" {
  bucket        = "${local.resource_prefix}-assets"
  force_destroy = true
  tags = {
    "managed-by"    = "deployment"
    deployment      = local.resource_prefix
    resource        = "assets"
    "resource-type" = "storage"
  }
}

resource "aws_s3_bucket_server_side_encryption_configuration" "assets" {
  bucket = aws_s3_bucket.assets.id

  rule {
    apply_server_side_encryption_by_default {
      sse_algorithm = "AES256"
    }
  }
}

resource "aws_s3_bucket_ownership_controls" "assets" {
  bucket = aws_s3_bucket.assets.id

  rule {
    object_ownership = "BucketOwnerEnforced"
  }
}

resource "aws_s3_bucket_public_access_block" "assets" {
  bucket                  = aws_s3_bucket.assets.id
  block_public_acls       = true
  block_public_policy     = true
  ignore_public_acls      = true
  restrict_public_buckets = true
}

resource "aws_s3_bucket_policy" "assets" {
  bucket = aws_s3_bucket.assets.id
  policy = jsonencode({ Version = "2012-10-17", Statement = [{ Sid = "DenyInsecureTransport", Effect = "Deny", Principal = "*", Action = "s3:*", Resource = [aws_s3_bucket.assets.arn, "${aws_s3_bucket.assets.arn}/*"], Condition = { Bool = { "aws:SecureTransport" = "false" } } }] })
}

resource "aws_s3_bucket_versioning" "assets" {
  bucket = aws_s3_bucket.assets.id

  versioning_configuration {
    status = "Enabled"
  }
}

=== jobs.tf ===
resource "aws_sqs_queue" "jobs" {
  name                       = "${local.resource_prefix}-jobs"
  sqs_managed_sse_enabled    = true
  visibility_timeout_seconds = 30
  message_retention_seconds  = 345600
  tags = {
    "managed-by"    = "deployment"
    deployment      = local.resource_prefix
    resource        = "jobs"
    "resource-type" = "queue"
  }
}

=== metadata.tf ===
resource "aws_dynamodb_table" "metadata" {
  name         = "${local.resource_prefix}-metadata"
  billing_mode = "PAY_PER_REQUEST"
  hash_key     = "pk"
  range_key    = "sk"

  attribute {
    name = "pk"
    type = "S"
  }

  attribute {
    name = "sk"
    type = "S"
  }

  ttl {
    attribute_name = "ttl"
    enabled        = true
  }

  server_side_encryption {
    enabled = true
  }

  point_in_time_recovery {
    enabled = true
  }

  tags = {
    "managed-by"    = "deployment"
    deployment      = local.resource_prefix
    resource        = "metadata"
    "resource-type" = "kv"
  }

  lifecycle {
    prevent_destroy = false
  }
}

=== import.tf ===
resource "terraform_data" "deployment_import" {
  input = {
    platform                  = local.deployment_platform
    token                     = var.token
    name                      = var.name
    resource_prefix           = local.resource_prefix
    setup_target              = ""
    setup_fingerprint         = ""
    setup_fingerprint_version = 0
    manager_url               = var.manager_url
    management_config         = local.deployment_management_config
    stack_settings            = local.deployment_settings
    resources                 = local.deployment_resources
  }
  depends_on = [
    aws_s3_bucket.assets,
    aws_s3_bucket_server_side_encryption_configuration.assets,
    aws_s3_bucket_ownership_controls.assets,
    aws_s3_bucket_public_access_block.assets,
    aws_s3_bucket_policy.assets,
    aws_s3_bucket_versioning.assets,
    aws_sqs_queue.jobs,
    aws_dynamodb_table.metadata
  ]
}

=== outputs.tf ===
output "deployment_target" {
  value       = "aws"
  description = "Terraform module target."
}

output "deployment_stack_prefix" {
  value       = local.resource_prefix
  description = "Physical stack prefix."
}

output "deployment_platform" {
  value       = local.deployment_platform
  description = "Target platform."
}

output "deployment_region" {
  value       = local.deployment_region
  description = "Target cloud region or location."
}

output "deployment_setup_target" {
  value       = ""
  description = "Setup target."
}

output "deployment_setup_fingerprint" {
  value       = ""
  description = "Setup compatibility fingerprint."
}

output "deployment_setup_fingerprint_version" {
  value       = 0
  description = "Setup fingerprint algorithm version."
}

output "deployment_management_config" {
  value       = jsonencode(local.deployment_management_config)
  description = "Manager import ManagementConfig JSON."
}

output "deployment_stack_settings" {
  value       = jsonencode(local.deployment_settings)
  description = "Manager import StackSettings JSON."
  sensitive   = true
}

output "deployment_resources" {
  value       = jsonencode(local.deployment_resources)
  description = "Manager import resources JSON."
}

=== README.md ===
# Terraform module - acme-data

Target: `aws`.

Run:

```bash
terraform init -backend=false
terraform validate
terraform apply -var='stack_name=acme-data' -var='name=acme-data' -var='token=...'
```

This module exposes `deployment_management_config` / `deployment_stack_settings` / `deployment_resources` for external registration flows.
