---
source: crates/alien-terraform/tests/generator/helpers.rs
expression: buf
---
=== versions.tf ===
terraform {
  required_version = ">= 1.5.0"

  required_providers {
    aws = {
      source  = "hashicorp/aws"
      version = ">= 5.0"
    }
    random = {
      source  = "hashicorp/random"
      version = ">= 3.6"
    }
  }
}

=== variables.tf ===
variable "resource_prefix" {
  type        = string
  description = "Optional stable physical resource prefix. Leave empty to generate one."
  default     = ""

  validation {
    condition     = var.resource_prefix == "" || (can(regex("^[a-z][a-z0-9-]{1,38}[a-z0-9]$", var.resource_prefix)) && length(regexall("--", var.resource_prefix)) == 0)
    error_message = "resource_prefix must be 3-40 characters: lowercase letters, numbers, and hyphens; start with a letter; end with a letter or number; and not contain consecutive hyphens."
  }
}

variable "name" {
  type        = string
  description = "Human-readable application name shown in setup and cloud IAM review metadata."
}

variable "token" {
  type        = string
  description = "Install token from the application setup page. This is the same token used by the deploy CLI --token flag."
  sensitive   = true
}

variable "manager_url" {
  type        = string
  description = "Optional manager endpoint used by pull-style runtimes."
  default     = ""
}

variable "stack_settings_json" {
  type        = string
  description = "Optional JSON-encoded StackSettings override supplied by deployment installers."
  default     = "{}"
  sensitive   = true
}

variable "aws_region" {
  type        = string
  description = "AWS region used by the AWS provider."
  default     = "us-east-1"
}

variable "managing_role_arn" {
  type        = string
  description = "ARN of the manager IAM identity allowed to assume management roles."
  default     = ""
}

variable "managing_account_id" {
  type        = string
  description = "Account ID hosting the manager. Referenced by resource-side IAM policies that scope cross-account image pulls. Empty disables those grants."
  default     = ""
}

=== providers.tf ===
provider "aws" {
  region = var.aws_region
}

data "aws_caller_identity" "current" {}

data "aws_region" "current" {}

=== resource_prefix.tf ===
resource "random_id" "resource_prefix" {
  byte_length = 4
}

=== locals.tf ===
locals {
  resource_prefix              = var.resource_prefix == "" ? format("a%s", random_id.resource_prefix.hex) : var.resource_prefix
  deployment_name              = var.name
  deployment_platform          = "aws"
  deployment_target            = "aws"
  deployment_region            = data.aws_region.current.region
  deployment_management_config = null
  deployment_settings          = jsondecode(var.stack_settings_json)
  deployment_resources = [
    {
      id   = "registry"
      type = "artifact-registry"
      importData = {
        accountId        = data.aws_caller_identity.current.account_id
        region           = data.aws_region.current.region
        registryId       = "${data.aws_caller_identity.current.account_id}:${data.aws_region.current.region}"
        registryEndpoint = aws_ecr_repository.registry.registry_id
        repositoryPrefix = "${local.resource_prefix}-registry"
        pullRoleArn      = aws_iam_role.registry_pull.arn
        pushRoleArn      = aws_iam_role.registry_push.arn
      }
    }
  ]
}

=== registry.tf ===
resource "aws_ecr_repository" "registry" {
  name                 = "${local.resource_prefix}-registry"
  image_tag_mutability = "IMMUTABLE"

  image_scanning_configuration {
    scan_on_push = true
  }

  encryption_configuration {
    encryption_type = "AES256"
  }

  force_delete = false
  tags = {
    "managed-by"    = "deployment"
    deployment      = local.resource_prefix
    resource        = "registry"
    "resource-type" = "artifact-registry"
  }

  lifecycle {
    prevent_destroy = false
  }
}

resource "aws_ecr_lifecycle_policy" "registry" {
  repository = aws_ecr_repository.registry.name
  policy     = jsonencode({ rules = [{ rulePriority = 1, description = "Retain the 100 most recent images", selection = { tagStatus = "any", countType = "imageCountMoreThan", countNumber = 100 }, action = { type = "expire" } }] })
}

resource "aws_iam_role" "registry_pull" {
  name               = length(format("%s-%s", local.resource_prefix, "registry-pull")) <= 64 ? format("%s-%s", local.resource_prefix, "registry-pull") : format("%s-%s", substr(format("%s-%s", local.resource_prefix, "registry-pull"), 0, 55), substr(sha1(format("%s-%s", local.resource_prefix, "registry-pull")), 0, 8))
  assume_role_policy = jsonencode({ Version = "2012-10-17", Statement = [{ Effect = "Allow", Principal = { AWS = var.managing_role_arn }, Action = "sts:AssumeRole" }] })
  tags = {
    "managed-by"    = "deployment"
    deployment      = local.resource_prefix
    resource        = "registry"
    "resource-type" = "artifact-registry"
  }
}

resource "aws_iam_role" "registry_push" {
  name               = length(format("%s-%s", local.resource_prefix, "registry-push")) <= 64 ? format("%s-%s", local.resource_prefix, "registry-push") : format("%s-%s", substr(format("%s-%s", local.resource_prefix, "registry-push"), 0, 55), substr(sha1(format("%s-%s", local.resource_prefix, "registry-push")), 0, 8))
  assume_role_policy = jsonencode({ Version = "2012-10-17", Statement = [{ Effect = "Allow", Principal = { AWS = var.managing_role_arn }, Action = "sts:AssumeRole" }] })
  tags = {
    "managed-by"    = "deployment"
    deployment      = local.resource_prefix
    resource        = "registry"
    "resource-type" = "artifact-registry"
  }
}

resource "aws_iam_role_policy" "registry_pull_policy" {
  name   = "ecr-pull"
  role   = aws_iam_role.registry_pull.id
  policy = jsonencode({ Version = "2012-10-17", Statement = [{ Sid = "GetAuthorizationToken", Effect = "Allow", Action = "ecr:GetAuthorizationToken", Resource = "*" }, { Sid = "RepositoryAccess", Effect = "Allow", Action = ["ecr:BatchCheckLayerAvailability", "ecr:BatchGetImage", "ecr:DescribeImages", "ecr:DescribeRepositories", "ecr:GetDownloadUrlForLayer", "ecr:ListImages"], Resource = [aws_ecr_repository.registry.arn, format("%s-*", aws_ecr_repository.registry.arn)] }] })
}

resource "aws_iam_role_policy" "registry_push_policy" {
  name   = "ecr-push-pull"
  role   = aws_iam_role.registry_push.id
  policy = jsonencode({ Version = "2012-10-17", Statement = [{ Sid = "GetAuthorizationToken", Effect = "Allow", Action = "ecr:GetAuthorizationToken", Resource = "*" }, { Sid = "RepositoryAccess", Effect = "Allow", Action = ["ecr:BatchCheckLayerAvailability", "ecr:BatchGetImage", "ecr:DescribeImages", "ecr:DescribeRepositories", "ecr:GetDownloadUrlForLayer", "ecr:ListImages", "ecr:CompleteLayerUpload", "ecr:CreateRepository", "ecr:DeleteRepository", "ecr:InitiateLayerUpload", "ecr:PutImage", "ecr:UploadLayerPart"], Resource = [aws_ecr_repository.registry.arn, format("%s-*", aws_ecr_repository.registry.arn)] }] })
}

=== import.tf ===
resource "terraform_data" "deployment_import" {
  input = {
    platform                    = local.deployment_platform
    token                       = var.token
    name                        = var.name
    resource_prefix             = local.resource_prefix
    setup_target                = ""
    setup_import_format_version = 1
    setup_fingerprint           = ""
    setup_fingerprint_version   = 0
    manager_url                 = var.manager_url
    management_config           = local.deployment_management_config
    stack_settings              = local.deployment_settings
    resources                   = local.deployment_resources
  }
  depends_on = [
    aws_ecr_repository.registry,
    aws_ecr_lifecycle_policy.registry,
    aws_iam_role.registry_pull,
    aws_iam_role.registry_push,
    aws_iam_role_policy.registry_pull_policy,
    aws_iam_role_policy.registry_push_policy
  ]
}

=== outputs.tf ===
output "deployment_target" {
  value       = "aws"
  description = "Terraform module target."
}

output "deployment_resource_prefix" {
  value       = local.resource_prefix
  description = "Physical resource prefix."
}

output "deployment_platform" {
  value       = local.deployment_platform
  description = "Target platform."
}

output "deployment_region" {
  value       = local.deployment_region
  description = "Target cloud region or location."
}

output "deployment_setup_target" {
  value       = ""
  description = "Setup target."
}

output "deployment_setup_import_format_version" {
  value       = 1
  description = "Setup import payload format version."
}

output "deployment_setup_fingerprint" {
  value       = ""
  description = "Setup compatibility fingerprint."
}

output "deployment_setup_fingerprint_version" {
  value       = 0
  description = "Setup fingerprint algorithm version."
}

output "deployment_management_config" {
  value       = jsonencode(local.deployment_management_config)
  description = "Manager import ManagementConfig JSON."
}

output "deployment_stack_settings" {
  value       = jsonencode(local.deployment_settings)
  description = "Manager import StackSettings JSON."
  sensitive   = true
}

output "deployment_resources" {
  value       = jsonencode(local.deployment_resources)
  description = "Manager import resources JSON."
}

=== README.md ===
# Terraform module - acme-ecr

Target: `aws`.

Run:

```bash
terraform init -backend=false
terraform validate
terraform apply -var='name=acme-ecr' -var='token=...'
```

This module exposes `deployment_management_config` / `deployment_stack_settings` / `deployment_resources` for external registration flows.
