---
source: crates/alien-terraform/tests/generator/helpers.rs
expression: buf
---
=== versions.tf ===
terraform {
  required_version = ">= 1.5.0"

  required_providers {
    google = {
      source  = "hashicorp/google"
      version = ">= 5.0"
    }
    time = {
      source  = "hashicorp/time"
      version = ">= 0.9"
    }
    random = {
      source  = "hashicorp/random"
      version = ">= 3.6"
    }
  }
}

=== variables.tf ===
variable "resource_prefix" {
  type        = string
  description = "Optional stable physical resource prefix. Leave empty to generate one."
  default     = ""

  validation {
    condition     = var.resource_prefix == "" || (can(regex("^[a-z][a-z0-9-]{1,38}[a-z0-9]$", var.resource_prefix)) && length(regexall("--", var.resource_prefix)) == 0)
    error_message = "resource_prefix must be 3-40 characters: lowercase letters, numbers, and hyphens; start with a letter; end with a letter or number; and not contain consecutive hyphens."
  }
}

variable "name" {
  type        = string
  description = "Human-readable application name shown in setup and cloud IAM review metadata."
}

variable "token" {
  type        = string
  description = "Install token from the application setup page. This is the same token used by the deploy CLI --token flag."
  sensitive   = true
}

variable "manager_url" {
  type        = string
  description = "Optional manager endpoint used by pull-style runtimes."
  default     = ""
}

variable "stack_settings_json" {
  type        = string
  description = "Optional JSON-encoded StackSettings override supplied by deployment installers."
  default     = "{}"
  sensitive   = true
}

variable "gcp_project" {
  type        = string
  description = "GCP project ID."
}

variable "gcp_region" {
  type        = string
  description = "GCP region."
  default     = "us-central1"
}

variable "managing_service_account_email" {
  type        = string
  description = "Email of the manager's service account that may impersonate the management identity. Empty disables the binding."
  default     = ""
}

variable "gcp_manage_custom_roles" {
  type        = bool
  description = "Whether this module creates the GCP project custom roles it binds. Set to false when those roles are managed outside this stack."
  default     = true
}

variable "gcp_custom_role_prefix" {
  type        = string
  description = "Prefix used for GCP project custom role IDs when gcp_manage_custom_roles is false. Empty uses resource_prefix."
  default     = ""
}

=== providers.tf ===
provider "google" {
  project = var.gcp_project
  region  = var.gcp_region
}

=== resource_prefix.tf ===
resource "random_id" "resource_prefix" {
  byte_length = 4
}

=== locals.tf ===
locals {
  resource_prefix        = var.resource_prefix == "" ? format("a%s", random_id.resource_prefix.hex) : var.resource_prefix
  deployment_name        = var.name
  gcp_custom_role_prefix = substr(replace(lower(var.gcp_custom_role_prefix == "" ? local.resource_prefix : var.gcp_custom_role_prefix), "-", "_"), 0, 18)
  deployment_platform    = "gcp"
  deployment_target      = "gcp"
  deployment_region      = var.gcp_region
  deployment_management_config = {
    platform            = "gcp"
    projectId           = var.gcp_project
    serviceAccountEmail = var.managing_service_account_email
  }
  deployment_settings = jsondecode(var.stack_settings_json)
  deployment_resources = [
    {
      id   = "execution-sa"
      type = "service-account"
      importData = {
        projectId               = var.gcp_project
        serviceAccountEmail     = google_service_account.execution_sa.email
        serviceAccountUniqueId  = google_service_account.execution_sa.unique_id
        stackPermissionsApplied = true
      }
    }
  ]
}

=== execution_sa.tf ===
resource "google_service_account" "execution_sa" {
  project      = var.gcp_project
  account_id   = format("%s-%s", trim(substr(replace(lower(format("a-%s-execution_sa", local.resource_prefix)), "_", "-"), 0, 21), "-"), substr(sha1(replace(lower(format("%s-execution_sa", local.resource_prefix)), "_", "-")), 0, 8))
  display_name = "${local.deployment_name}: Runtime service account (execution-sa)"
  description  = "Runtime cloud identity for ${local.deployment_name}. Resource prefix: ${local.resource_prefix}. Resource: execution_sa."
}

resource "google_project_iam_custom_role" "gcp_role_read_cloud_storage_objects" {
  count       = var.gcp_manage_custom_roles ? 1 : 0
  project     = var.gcp_project
  role_id     = format("role_%s_read_cloud_storage_objects", local.gcp_custom_role_prefix)
  title       = "${local.deployment_name}: Read Cloud Storage Objects"
  description = "Used by ${local.deployment_name}. Read objects and object metadata from application-owned Cloud Storage buckets. Resource prefix: ${local.resource_prefix}."
  stage       = "GA"
  permissions = [
    "storage.buckets.get",
    "storage.buckets.list",
    "storage.multipartUploads.list",
    "storage.multipartUploads.listParts",
    "storage.objects.get",
    "storage.objects.getIamPolicy",
    "storage.objects.list"
  ]
}

resource "google_project_iam_custom_role" "gcp_role_sign_cloud_storage_download_urls" {
  count       = var.gcp_manage_custom_roles ? 1 : 0
  project     = var.gcp_project
  role_id     = format("role_%s_sign_cloud_storage_download_urls", local.gcp_custom_role_prefix)
  title       = "${local.deployment_name}: Sign Cloud Storage Download URLs"
  description = "Used by ${local.deployment_name}. Sign Cloud Storage download URLs on behalf of this application's service account. Resource prefix: ${local.resource_prefix}."
  stage       = "GA"
  permissions = [
    "iam.serviceAccounts.signBlob"
  ]
}

resource "google_project_iam_member" "gcp_role_read_cloud_storage_objects_execution_sa_binding_0" {
  project = var.gcp_project
  role    = var.gcp_manage_custom_roles ? google_project_iam_custom_role.gcp_role_read_cloud_storage_objects[0].name : format("projects/%s/roles/role_%s_read_cloud_storage_objects", var.gcp_project, local.gcp_custom_role_prefix)
  member  = "serviceAccount:${google_service_account.execution_sa.email}"
}

resource "google_project_iam_member" "gcp_role_sign_cloud_storage_download_urls_execution_sa_binding_1" {
  project = var.gcp_project
  role    = var.gcp_manage_custom_roles ? google_project_iam_custom_role.gcp_role_sign_cloud_storage_download_urls[0].name : format("projects/%s/roles/role_%s_sign_cloud_storage_download_urls", var.gcp_project, local.gcp_custom_role_prefix)
  member  = "serviceAccount:${google_service_account.execution_sa.email}"
}

resource "google_project_iam_member" "pubsub_publisher_execution_sa_binding_0" {
  project = var.gcp_project
  role    = "roles/pubsub.publisher"
  member  = "serviceAccount:${google_service_account.execution_sa.email}"
}

resource "google_project_iam_member" "pubsub_subscriber_execution_sa_binding_1" {
  project = var.gcp_project
  role    = "roles/pubsub.subscriber"
  member  = "serviceAccount:${google_service_account.execution_sa.email}"
}

resource "google_project_iam_member" "pubsub_viewer_execution_sa_binding_2" {
  project = var.gcp_project
  role    = "roles/pubsub.viewer"
  member  = "serviceAccount:${google_service_account.execution_sa.email}"
}

=== iam_propagation.tf ===
resource "time_sleep" "gcp_iam_propagation" {
  create_duration = "120s"
  depends_on = [
    google_project_iam_member.gcp_role_read_cloud_storage_objects_execution_sa_binding_0,
    google_project_iam_member.gcp_role_sign_cloud_storage_download_urls_execution_sa_binding_1,
    google_project_iam_member.pubsub_publisher_execution_sa_binding_0,
    google_project_iam_member.pubsub_subscriber_execution_sa_binding_1,
    google_project_iam_member.pubsub_viewer_execution_sa_binding_2
  ]
}

=== import.tf ===
resource "terraform_data" "deployment_import" {
  input = {
    platform                  = local.deployment_platform
    token                     = var.token
    name                      = var.name
    resource_prefix           = local.resource_prefix
    setup_target              = ""
    setup_fingerprint         = ""
    setup_fingerprint_version = 0
    manager_url               = var.manager_url
    management_config         = local.deployment_management_config
    stack_settings            = local.deployment_settings
    resources                 = local.deployment_resources
  }
  depends_on = [
    google_service_account.execution_sa,
    google_project_iam_custom_role.gcp_role_read_cloud_storage_objects,
    google_project_iam_custom_role.gcp_role_sign_cloud_storage_download_urls,
    google_project_iam_member.gcp_role_read_cloud_storage_objects_execution_sa_binding_0,
    google_project_iam_member.gcp_role_sign_cloud_storage_download_urls_execution_sa_binding_1,
    google_project_iam_member.pubsub_publisher_execution_sa_binding_0,
    google_project_iam_member.pubsub_subscriber_execution_sa_binding_1,
    google_project_iam_member.pubsub_viewer_execution_sa_binding_2,
    time_sleep.gcp_iam_propagation
  ]
}

=== outputs.tf ===
output "deployment_target" {
  value       = "gcp"
  description = "Terraform module target."
}

output "deployment_resource_prefix" {
  value       = local.resource_prefix
  description = "Physical resource prefix."
}

output "deployment_platform" {
  value       = local.deployment_platform
  description = "Target platform."
}

output "deployment_region" {
  value       = local.deployment_region
  description = "Target cloud region or location."
}

output "deployment_setup_target" {
  value       = ""
  description = "Setup target."
}

output "deployment_setup_fingerprint" {
  value       = ""
  description = "Setup compatibility fingerprint."
}

output "deployment_setup_fingerprint_version" {
  value       = 0
  description = "Setup fingerprint algorithm version."
}

output "deployment_management_config" {
  value       = jsonencode(local.deployment_management_config)
  description = "Manager import ManagementConfig JSON."
}

output "deployment_stack_settings" {
  value       = jsonencode(local.deployment_settings)
  description = "Manager import StackSettings JSON."
  sensitive   = true
}

output "deployment_resources" {
  value       = jsonencode(local.deployment_resources)
  description = "Manager import resources JSON."
}

=== README.md ===
# Terraform module - acme-iam

Target: `gcp`.

Run:

```bash
terraform init -backend=false
terraform validate
terraform apply -var='name=acme-iam' -var='token=...'
```

This module exposes `deployment_management_config` / `deployment_stack_settings` / `deployment_resources` for external registration flows.
