---
source: crates/alien-terraform/tests/generator/helpers.rs
expression: buf
---
=== versions.tf ===
terraform {
  required_version = ">= 1.5.0"

  required_providers {
    google = {
      source  = "hashicorp/google"
      version = ">= 5.0"
    }
  }
}

=== variables.tf ===
variable "stack_name" {
  type        = string
  description = "Stable physical-name prefix for resources created by this module."
}

variable "deployment_group_token" {
  type        = string
  description = "Deployment group token used when registering the resolved stack import."
  sensitive   = true
}

variable "manager_url" {
  type        = string
  description = "Optional manager endpoint used by pull-style runtimes."
  default     = ""
}

variable "gcp_project" {
  type        = string
  description = "GCP project ID."
}

variable "gcp_region" {
  type        = string
  description = "GCP region."
  default     = "us-central1"
}

variable "managing_service_account_email" {
  type        = string
  description = "Email of the manager's service account that may impersonate the management identity. Empty disables the binding."
  default     = ""
}

=== providers.tf ===
provider "google" {
  project = var.gcp_project
  region  = var.gcp_region
}

=== locals.tf ===
locals {
  alien_platform = "gcp"
  alien_target   = "gcp"
  alien_management_config = {
    platform            = "gcp"
    projectId           = var.gcp_project
    serviceAccountEmail = var.managing_service_account_email
  }
  alien_stack_settings = {
    network = {
      availability_zones = 1
      cidr               = "10.44.0.0/16"
      type               = "create"
    }
    updates = "approval-required"
  }
  alien_resources = [
    {
      id   = "default-network"
      type = "network"
      importData = {
        projectId   = var.gcp_project
        vpcSelfLink = google_compute_network.default_network.self_link
        vpcName     = google_compute_network.default_network.name
        subnetSelfLinks = [
          google_compute_subnetwork.default_network_workload.self_link
        ]
        routerSelfLink = google_compute_router.default_network_router.self_link
        natName        = google_compute_router_nat.default_network_nat.name
        isByoVpc       = false
      }
    },
    {
      id   = "execution-sa"
      type = "service-account"
      importData = {
        projectId               = var.gcp_project
        serviceAccountEmail     = google_service_account.execution_sa.email
        serviceAccountUniqueId  = google_service_account.execution_sa.unique_id
        stackPermissionsApplied = true
      }
    },
    {
      id   = "management"
      type = "remote-stack-management"
      importData = {
        projectId                    = var.gcp_project
        serviceAccountEmail          = google_service_account.management.email
        serviceAccountUniqueId       = google_service_account.management.unique_id
        managementPermissionsApplied = true
      }
    },
    {
      id   = "assets"
      type = "storage"
      importData = {
        bucketName     = google_storage_bucket.assets.name
        bucketSelfLink = google_storage_bucket.assets.self_link
        projectId      = var.gcp_project
        location       = google_storage_bucket.assets.location
      }
    },
    {
      id   = "jobs"
      type = "queue"
      importData = {
        projectId        = var.gcp_project
        topicId          = google_pubsub_topic.jobs.name
        topicName        = google_pubsub_topic.jobs.id
        subscriptionId   = google_pubsub_subscription.jobs.name
        subscriptionName = google_pubsub_subscription.jobs.id
      }
    },
    {
      id   = "metadata"
      type = "kv"
      importData = {
        projectId  = var.gcp_project
        databaseId = google_firestore_database.metadata.name
        location   = google_firestore_database.metadata.location_id
      }
    },
    {
      id   = "secrets"
      type = "vault"
      importData = {
        projectId    = var.gcp_project
        secretPrefix = "${var.stack_name}-secrets"
      }
    },
    {
      id   = "registry"
      type = "artifact-registry"
      importData = {
        projectId               = var.gcp_project
        region                  = var.gcp_region
        repositoryId            = google_artifact_registry_repository.registry.name
        repositoryName          = google_artifact_registry_repository.registry.id
        registryEndpoint        = "${var.gcp_region}-docker.pkg.dev/${var.gcp_project}/${google_artifact_registry_repository.registry.name}"
        pullServiceAccountEmail = google_service_account.registry_pull.email
        pushServiceAccountEmail = google_service_account.registry_push.email
      }
    },
    {
      id   = "builder"
      type = "build"
      importData = {
        projectId   = var.gcp_project
        region      = var.gcp_region
        triggerId   = google_cloudbuild_trigger.builder.trigger_id
        triggerName = google_cloudbuild_trigger.builder.name
        buildEnvVars = {
          PROFILE = "release"
        }
      }
    },
    {
      id   = "public-api"
      type = "function"
      importData = {
        projectId               = var.gcp_project
        region                  = var.gcp_region
        serviceName             = google_cloud_run_v2_service.public_api.name
        url                     = google_cloud_run_v2_service.public_api.uri
        pubsubSubscriptionNames = []
        schedulerJobNames       = []
        eventarcTriggerNames    = []
      }
    },
    {
      id   = "worker"
      type = "function"
      importData = {
        projectId   = var.gcp_project
        region      = var.gcp_region
        serviceName = google_cloud_run_v2_service.worker.name
        url         = null
        pubsubSubscriptionNames = [
          google_pubsub_subscription.worker_queue_0.name
        ]
        schedulerJobNames = [
          google_cloud_scheduler_job.worker_schedule_1.name
        ]
        eventarcTriggerNames = [
          google_eventarc_trigger.worker_storage_2.name
        ]
      }
    }
  ]
}

=== default_network.tf ===
resource "google_compute_network" "default_network" {
  name                    = "${var.stack_name}-default_network"
  project                 = var.gcp_project
  auto_create_subnetworks = false
  routing_mode            = "REGIONAL"
}

resource "google_compute_subnetwork" "default_network_workload" {
  name                     = "${var.stack_name}-default_network-workload"
  project                  = var.gcp_project
  region                   = var.gcp_region
  ip_cidr_range            = "10.44.0.0/16"
  network                  = google_compute_network.default_network.id
  private_ip_google_access = true
}

resource "google_compute_router" "default_network_router" {
  name    = "${var.stack_name}-default_network-router"
  project = var.gcp_project
  region  = var.gcp_region
  network = google_compute_network.default_network.id
}

resource "google_compute_router_nat" "default_network_nat" {
  name                               = "${var.stack_name}-default_network-nat"
  project                            = var.gcp_project
  region                             = var.gcp_region
  router                             = google_compute_router.default_network_router.name
  nat_ip_allocate_option             = "AUTO_ONLY"
  source_subnetwork_ip_ranges_to_nat = "ALL_SUBNETWORKS_ALL_IP_RANGES"

  log_config {
    enable = true
    filter = "ERRORS_ONLY"
  }
}

resource "google_compute_firewall" "default_network_internal" {
  name      = "${var.stack_name}-default_network-internal"
  project   = var.gcp_project
  network   = google_compute_network.default_network.id
  direction = "INGRESS"
  source_ranges = [
    "10.44.0.0/16"
  ]

  allow {
    protocol = "all"
  }
}

=== execution_sa.tf ===
resource "google_service_account" "execution_sa" {
  project      = var.gcp_project
  account_id   = trim(substr(replace(lower("${var.stack_name}-execution_sa"), "_", "-"), 0, 30), "-")
  display_name = "Alien execution-sa service account"
  description  = "${var.stack_name} stack service account for permission profile 'execution_sa'"
}

resource "google_project_iam_custom_role" "execution_sa_storagedataread" {
  project     = var.gcp_project
  role_id     = "storageDataRead"
  title       = "Storage Data Read"
  description = "Allows reading data from storage buckets and containers"
  stage       = "GA"
  permissions = [
    "storage.buckets.get",
    "storage.buckets.list",
    "storage.objects.get",
    "storage.objects.list",
    "storage.objects.getIamPolicy",
    "storage.multipartUploads.list",
    "storage.multipartUploads.listParts",
    "iam.serviceAccounts.signBlob"
  ]
}

resource "google_project_iam_member" "execution_sa_storagedataread_binding_0" {
  project = var.gcp_project
  role    = google_project_iam_custom_role.execution_sa_storagedataread.name
  member  = "serviceAccount:${google_service_account.execution_sa.email}"
}

resource "google_project_iam_custom_role" "execution_sa_queuedatawrite" {
  project     = var.gcp_project
  role_id     = "queueDataWrite"
  title       = "Queue Data Write"
  description = "Allows sending messages to queues and acknowledging received messages"
  stage       = "GA"
  permissions = [
    "pubsub.topics.publish",
    "pubsub.subscriptions.consume",
    "pubsub.subscriptions.get"
  ]
}

resource "google_project_iam_member" "execution_sa_queuedatawrite_binding_0" {
  project = var.gcp_project
  role    = google_project_iam_custom_role.execution_sa_queuedatawrite.name
  member  = "serviceAccount:${google_service_account.execution_sa.email}"
}

=== management.tf ===
resource "google_service_account" "management" {
  project      = var.gcp_project
  account_id   = trim(substr(replace(lower("${var.stack_name}-management"), "_", "-"), 0, 30), "-")
  display_name = "Alien stack management identity"
  description  = "${var.stack_name} cross-account management service account"
}

resource "google_project_iam_custom_role" "management_functionmanagement" {
  project     = var.gcp_project
  role_id     = "functionManagement"
  title       = "Function Management"
  description = "Allows managing function configuration, versions, aliases, and monitoring"
  stage       = "GA"
  permissions = [
    "run.services.get",
    "run.services.list",
    "run.services.getIamPolicy",
    "run.revisions.get",
    "run.revisions.list",
    "run.operations.get",
    "run.operations.list",
    "run.locations.list",
    "run.configurations.get",
    "run.configurations.list",
    "run.routes.get",
    "run.routes.list",
    "run.executions.get",
    "run.executions.list",
    "run.tasks.get",
    "run.tasks.list",
    "run.services.listEffectiveTags",
    "run.services.listTagBindings",
    "resourcemanager.projects.get",
    "run.services.update",
    "run.services.setIamPolicy",
    "run.jobs.update",
    "run.jobs.getIamPolicy",
    "run.jobs.setIamPolicy",
    "run.operations.delete",
    "run.revisions.delete",
    "run.executions.delete",
    "run.services.createTagBinding",
    "run.services.deleteTagBinding",
    "run.jobs.createTagBinding",
    "run.jobs.deleteTagBinding",
    "iam.serviceAccounts.actAs",
    "pubsub.subscriptions.get",
    "pubsub.subscriptions.update",
    "iam.serviceAccounts.getIamPolicy",
    "iam.serviceAccounts.setIamPolicy",
    "compute.sslCertificates.create",
    "compute.sslCertificates.delete",
    "compute.sslCertificates.get",
    "compute.networkEndpointGroups.create",
    "compute.networkEndpointGroups.delete",
    "compute.networkEndpointGroups.get",
    "compute.backendServices.create",
    "compute.backendServices.delete",
    "compute.backendServices.get",
    "compute.backendServices.update",
    "compute.urlMaps.create",
    "compute.urlMaps.delete",
    "compute.urlMaps.get",
    "compute.targetHttpsProxies.create",
    "compute.targetHttpsProxies.delete",
    "compute.targetHttpsProxies.get",
    "compute.globalAddresses.create",
    "compute.globalAddresses.delete",
    "compute.globalAddresses.get",
    "compute.globalForwardingRules.create",
    "compute.globalForwardingRules.delete",
    "compute.globalForwardingRules.get"
  ]
}

resource "google_project_iam_member" "management_functionmanagement_binding_0" {
  project = var.gcp_project
  role    = google_project_iam_custom_role.management_functionmanagement.name
  member  = "serviceAccount:${google_service_account.management.email}"
}

resource "google_project_iam_custom_role" "management_storageheartbeat" {
  project     = var.gcp_project
  role_id     = "storageHeartbeat"
  title       = "Storage Heartbeat"
  description = "Allows readonly monitoring and health checks for storage resources"
  stage       = "GA"
  permissions = [
    "storage.buckets.get",
    "storage.buckets.getIamPolicy",
    "storage.managedFolders.get",
    "storage.managedFolders.list",
    "storage.managedFolders.getIamPolicy",
    "storage.bucketOperations.get",
    "storage.bucketOperations.list",
    "storage.hmacKeys.get",
    "storage.hmacKeys.list"
  ]
}

resource "google_project_iam_member" "management_storageheartbeat_binding_0" {
  project = var.gcp_project
  role    = google_project_iam_custom_role.management_storageheartbeat.name
  member  = "serviceAccount:${google_service_account.management.email}"
}

resource "google_project_iam_custom_role" "management_queueheartbeat" {
  project     = var.gcp_project
  role_id     = "queueHeartbeat"
  title       = "Queue Heartbeat"
  description = "Allows readonly monitoring and health checks for queue resources"
  stage       = "GA"
  permissions = [
    "pubsub.topics.get",
    "pubsub.topics.list",
    "pubsub.subscriptions.get",
    "pubsub.subscriptions.list"
  ]
}

resource "google_project_iam_member" "management_queueheartbeat_binding_0" {
  project = var.gcp_project
  role    = google_project_iam_custom_role.management_queueheartbeat.name
  member  = "serviceAccount:${google_service_account.management.email}"
}

resource "google_project_iam_custom_role" "management_kvheartbeat" {
  project     = var.gcp_project
  role_id     = "kvHeartbeat"
  title       = "Kv Heartbeat"
  description = "Allows readonly monitoring and health checks for kv resources"
  stage       = "GA"
  permissions = [
    "datastore.databases.get",
    "datastore.databases.list",
    "datastore.entities.get",
    "datastore.entities.list",
    "datastore.indexes.get",
    "datastore.indexes.list"
  ]
}

resource "google_project_iam_member" "management_kvheartbeat_binding_0" {
  project = var.gcp_project
  role    = google_project_iam_custom_role.management_kvheartbeat.name
  member  = "serviceAccount:${google_service_account.management.email}"
}

resource "google_project_iam_custom_role" "management_vaultdatawrite" {
  project     = var.gcp_project
  role_id     = "vaultDataWrite"
  title       = "Vault Data Write"
  description = "Allows creating, updating, and deleting individual secrets within vault"
  stage       = "GA"
  permissions = [
    "secretmanager.versions.access",
    "secretmanager.secrets.get",
    "secretmanager.secrets.create",
    "secretmanager.versions.add",
    "secretmanager.secrets.delete"
  ]
}

resource "google_project_iam_member" "management_vaultdatawrite_binding_0" {
  project = var.gcp_project
  role    = google_project_iam_custom_role.management_vaultdatawrite.name
  member  = "serviceAccount:${google_service_account.management.email}"
}

resource "google_service_account_iam_member" "management_manager_token_creator" {
  for_each           = toset(compact([var.managing_service_account_email]))
  service_account_id = google_service_account.management.id
  role               = "roles/iam.serviceAccountTokenCreator"
  member             = "serviceAccount:${each.value}"
}

resource "google_service_account_iam_member" "management_manager_user" {
  for_each           = toset(compact([var.managing_service_account_email]))
  service_account_id = google_service_account.management.id
  role               = "roles/iam.serviceAccountUser"
  member             = "serviceAccount:${each.value}"
}

=== assets.tf ===
resource "google_storage_bucket" "assets" {
  name                        = "${var.stack_name}-assets"
  project                     = var.gcp_project
  location                    = upper(var.gcp_region)
  storage_class               = "STANDARD"
  uniform_bucket_level_access = true
  force_destroy               = false
  public_access_prevention    = "enforced"
  labels = {
    "managed-by"          = "alien-dev"
    "alien-stack-id"      = var.stack_name
    "alien-resource-id"   = "assets"
    "alien-resource-type" = "storage"
  }

  versioning {
    enabled = true
  }
}

=== jobs.tf ===
resource "google_pubsub_topic" "jobs" {
  name    = "${var.stack_name}-jobs"
  project = var.gcp_project
  labels = {
    "managed-by"          = "alien-dev"
    "alien-stack-id"      = var.stack_name
    "alien-resource-id"   = "jobs"
    "alien-resource-type" = "queue"
  }
}

resource "google_pubsub_subscription" "jobs" {
  name                       = "${var.stack_name}-jobs-default"
  project                    = var.gcp_project
  topic                      = google_pubsub_topic.jobs.id
  ack_deadline_seconds       = 360
  message_retention_duration = "604800s"
  enable_message_ordering    = false

  expiration_policy {
    ttl = ""
  }

  labels = {
    "managed-by"          = "alien-dev"
    "alien-stack-id"      = var.stack_name
    "alien-resource-id"   = "jobs"
    "alien-resource-type" = "queue"
  }
}

=== metadata.tf ===
resource "google_firestore_database" "metadata" {
  name                        = "${var.stack_name}-metadata"
  project                     = var.gcp_project
  location_id                 = var.gcp_region
  type                        = "DATASTORE_MODE"
  concurrency_mode            = "OPTIMISTIC"
  app_engine_integration_mode = "DISABLED"
  delete_protection_state     = "DELETE_PROTECTION_DISABLED"
  deletion_policy             = "DELETE"
}

=== registry.tf ===
resource "google_artifact_registry_repository" "registry" {
  project       = var.gcp_project
  location      = var.gcp_region
  repository_id = "${var.stack_name}-registry"
  format        = "DOCKER"
  description   = "Alien registry container artifact registry"
  labels = {
    "managed-by"          = "alien-dev"
    "alien-stack-id"      = var.stack_name
    "alien-resource-id"   = "registry"
    "alien-resource-type" = "artifact-registry"
  }
}

resource "google_service_account" "registry_pull" {
  project      = var.gcp_project
  account_id   = trim(substr(replace(lower("${var.stack_name}-registry-pull"), "_", "-"), 0, 30), "-")
  display_name = "Alien registry artifact registry pull identity"
}

resource "google_artifact_registry_repository_iam_member" "registry_pull_iam" {
  project    = var.gcp_project
  location   = google_artifact_registry_repository.registry.location
  repository = google_artifact_registry_repository.registry.name
  role       = "roles/artifactregistry.reader"
  member     = "serviceAccount:${google_service_account.registry_pull.email}"
}

resource "google_service_account" "registry_push" {
  project      = var.gcp_project
  account_id   = trim(substr(replace(lower("${var.stack_name}-registry-push"), "_", "-"), 0, 30), "-")
  display_name = "Alien registry artifact registry push identity"
}

resource "google_artifact_registry_repository_iam_member" "registry_push_iam" {
  project    = var.gcp_project
  location   = google_artifact_registry_repository.registry.location
  repository = google_artifact_registry_repository.registry.name
  role       = "roles/artifactregistry.writer"
  member     = "serviceAccount:${google_service_account.registry_push.email}"
}

=== builder.tf ===
resource "google_cloudbuild_trigger" "builder" {
  name        = "${var.stack_name}-builder"
  project     = var.gcp_project
  location    = var.gcp_region
  description = "Alien builder build trigger"
  substitutions = {
    _ALIEN_BUILD_ID = "builder"
    _PROFILE        = "release"
  }
  service_account = google_service_account.execution_sa.email

  build {
    step {
      name       = "gcr.io/cloud-builders/docker"
      entrypoint = "/bin/bash"
      args = [
        "-c",
        "echo 'Alien build placeholder. Override via controller.'"
      ]
    }

    options {
      logging = "CLOUD_LOGGING_ONLY"
    }
  }

  lifecycle {
    ignore_changes  = all
    prevent_destroy = true
  }
}

=== public_api.tf ===
resource "google_cloud_run_v2_service" "public_api" {
  name     = "${var.stack_name}-public-api"
  project  = var.gcp_project
  location = var.gcp_region
  ingress  = "INGRESS_TRAFFIC_ALL"
  labels = {
    "managed-by"          = "alien-dev"
    "alien-stack-id"      = var.stack_name
    "alien-resource-id"   = "public-api"
    "alien-resource-type" = "function"
  }

  template {
    timeout = "60s"

    containers {
      image = "us-central1-docker.pkg.dev/proj/app/api:1.2.3"

      resources {
        limits = {
          cpu    = "1"
          memory = "512Mi"
        }
        cpu_idle = true
      }

      env {
        name  = "RUST_LOG"
        value = "info"
      }
    }

    service_account = google_service_account.execution_sa.email
  }

  lifecycle {
    ignore_changes  = all
    prevent_destroy = true
  }
}

resource "google_cloud_run_v2_service_iam_member" "public_api_public_invoker" {
  project  = var.gcp_project
  location = google_cloud_run_v2_service.public_api.location
  name     = google_cloud_run_v2_service.public_api.name
  role     = "roles/run.invoker"
  member   = "allUsers"

  lifecycle {
    ignore_changes  = all
    prevent_destroy = true
  }
}

=== worker.tf ===
resource "google_cloud_run_v2_service" "worker" {
  name     = "${var.stack_name}-worker"
  project  = var.gcp_project
  location = var.gcp_region
  ingress  = "INGRESS_TRAFFIC_INTERNAL_ONLY"
  labels = {
    "managed-by"          = "alien-dev"
    "alien-stack-id"      = var.stack_name
    "alien-resource-id"   = "worker"
    "alien-resource-type" = "function"
  }

  template {
    timeout = "180s"

    containers {
      image = "us-central1-docker.pkg.dev/proj/app/worker:1.2.3"

      resources {
        limits = {
          cpu    = "1"
          memory = "256Mi"
        }
        cpu_idle = true
      }
    }

    service_account = google_service_account.execution_sa.email
  }

  lifecycle {
    ignore_changes  = all
    prevent_destroy = true
  }
}

resource "google_pubsub_subscription" "worker_queue_0" {
  name                 = "${var.stack_name}-worker-from-jobs"
  project              = var.gcp_project
  topic                = google_pubsub_topic.jobs.id
  ack_deadline_seconds = 360

  push_config {
    push_endpoint = google_cloud_run_v2_service.worker.uri

    oidc_token {
      service_account_email = google_service_account.execution_sa.email
      audience              = google_cloud_run_v2_service.worker.uri
    }
  }

  lifecycle {
    ignore_changes  = all
    prevent_destroy = true
  }
}

resource "google_cloud_scheduler_job" "worker_schedule_1" {
  name      = "${var.stack_name}-worker-sched-1"
  project   = var.gcp_project
  region    = var.gcp_region
  schedule  = "*/5 * * * *"
  time_zone = "Etc/UTC"

  http_target {
    uri         = google_cloud_run_v2_service.worker.uri
    http_method = "POST"

    oidc_token {
      service_account_email = google_service_account.execution_sa.email
      audience              = google_cloud_run_v2_service.worker.uri
    }
  }

  lifecycle {
    ignore_changes  = all
    prevent_destroy = true
  }
}

resource "google_eventarc_trigger" "worker_storage_2" {
  name     = "${var.stack_name}-worker-assets-storage"
  project  = var.gcp_project
  location = var.gcp_region

  matching_criteria {
    attribute = "type"
    value     = "google.cloud.storage.object.v1.finalized"
  }

  matching_criteria {
    attribute = "bucket"
    value     = google_storage_bucket.assets.name
  }

  destination {
    cloud_run_service {
      service = google_cloud_run_v2_service.worker.name
      region  = google_cloud_run_v2_service.worker.location
    }
  }

  service_account = google_service_account.execution_sa.email

  lifecycle {
    ignore_changes  = all
    prevent_destroy = true
  }
}

=== import.tf ===
resource "terraform_data" "alien_stack_import" {
  input = {
    platform               = local.alien_platform
    deployment_group_token = var.deployment_group_token
    manager_url            = var.manager_url
    management_config      = local.alien_management_config
    stack_settings         = local.alien_stack_settings
    resources              = local.alien_resources
  }
}

=== outputs.tf ===
output "alien_target" {
  value       = "gcp"
  description = "Terraform module target."
}

output "alien_platform" {
  value       = local.alien_platform
  description = "Target platform."
}

output "alien_management_config" {
  value       = jsonencode(local.alien_management_config)
  description = "Manager import ManagementConfig JSON."
}

output "alien_stack_settings" {
  value       = jsonencode(local.alien_stack_settings)
  description = "Manager import StackSettings JSON."
}

output "alien_resources" {
  value       = jsonencode(local.alien_resources)
  description = "Manager import resources JSON."
}

=== README.md ===
# Terraform module - full-gcp

Target: `gcp`.

Run:

```bash
terraform init -backend=false
terraform validate
terraform apply -var='stack_name=full-gcp' -var='deployment_group_token=...'
```

Outputs `alien_management_config` / `alien_stack_settings` / `alien_resources` for registration via `alien_deployment` (T11) or `alien-deploy register`.
