---
source: crates/alien-terraform/tests/generator/helpers.rs
expression: buf
---
=== versions.tf ===
terraform {
  required_version = ">= 1.5.0"

  required_providers {
    google = {
      source  = "hashicorp/google"
      version = ">= 5.0"
    }
    random = {
      source  = "hashicorp/random"
      version = ">= 3.6"
    }
  }
}

=== variables.tf ===
variable "resource_prefix" {
  type        = string
  description = "Optional stable physical resource prefix. Leave empty to generate one."
  default     = ""

  validation {
    condition     = var.resource_prefix == "" || (can(regex("^[a-z][a-z0-9-]{1,38}[a-z0-9]$", var.resource_prefix)) && length(regexall("--", var.resource_prefix)) == 0)
    error_message = "resource_prefix must be 3-40 characters: lowercase letters, numbers, and hyphens; start with a letter; end with a letter or number; and not contain consecutive hyphens."
  }
}

variable "name" {
  type        = string
  description = "Human-readable application name shown in setup and cloud IAM review metadata."
}

variable "token" {
  type        = string
  description = "Install token from the application setup page. This is the same token used by the deploy CLI --token flag."
  sensitive   = true
}

variable "management_url" {
  type        = string
  description = "Optional management endpoint used by pull-style runtimes."
  default     = ""
}

variable "deployment_model" {
  type        = string
  description = "How runtime updates are delivered after setup."
  default     = "push"

  validation {
    condition     = contains(["push", "pull"], var.deployment_model)
    error_message = "deployment_model must be one of: push, pull."
  }
}

variable "advanced_settings_json" {
  type        = string
  description = "Advanced JSON-encoded deployment settings. Most installations should use the typed variables in this module instead."
  default     = "{}"
  sensitive   = true
}

variable "advanced_settings_overlay_json" {
  type        = string
  description = "JSON-encoded deployment settings merged over the package defaults. Use this for partial advanced-setting overrides that must preserve generated defaults such as compute selections."
  default     = "{}"
  sensitive   = true
}

variable "updates_mode" {
  type        = string
  description = "How application updates are delivered after setup."
  default     = "auto"

  validation {
    condition     = contains(["auto", "approval-required"], var.updates_mode)
    error_message = "updates_mode must be one of: auto, approval-required."
  }
}

variable "telemetry_mode" {
  type        = string
  description = "How logs, metrics, and traces are collected."
  default     = "auto"

  validation {
    condition     = contains(["off", "auto", "approval-required"], var.telemetry_mode)
    error_message = "telemetry_mode must be one of: off, auto, approval-required."
  }
}

variable "heartbeats_mode" {
  type        = string
  description = "Whether runtime health checks are enabled."
  default     = "on"

  validation {
    condition     = contains(["off", "on"], var.heartbeats_mode)
    error_message = "heartbeats_mode must be one of: off, on."
  }
}

variable "gcp_project" {
  type        = string
  description = "GCP project ID."
}

variable "gcp_region" {
  type        = string
  description = "GCP region."
  default     = "us-central1"
}

variable "managing_service_account_email" {
  type        = string
  description = "Email of the management service account allowed to impersonate setup-created identities. Empty disables the binding."
  default     = ""
}

variable "gcp_manage_custom_roles" {
  type        = bool
  description = "Whether this module creates the GCP project custom roles it binds. Set to false when those roles are managed outside this stack."
  default     = true
}

variable "gcp_custom_role_prefix" {
  type        = string
  description = "Prefix used for GCP project custom role IDs when gcp_manage_custom_roles is false. Empty uses resource_prefix."
  default     = ""
}

=== providers.tf ===
provider "google" {
  project = var.gcp_project
  region  = var.gcp_region
}

=== resource_prefix.tf ===
resource "random_id" "resource_prefix" {
  byte_length = 4
}

=== locals.tf ===
locals {
  resource_prefix              = var.resource_prefix == "" ? format("a%s", random_id.resource_prefix.hex) : var.resource_prefix
  deployment_name              = var.name
  gcp_custom_role_prefix       = substr(replace(lower(var.gcp_custom_role_prefix == "" ? local.resource_prefix : var.gcp_custom_role_prefix), "-", "_"), 0, 18)
  deployment_platform          = "gcp"
  deployment_target            = "gcp"
  deployment_region            = var.gcp_region
  deployment_management_config = null
  advanced_settings            = merge(jsondecode(var.advanced_settings_json), jsondecode(var.advanced_settings_overlay_json))
  deployment_settings          = merge(local.advanced_settings, { deploymentModel = var.deployment_model, updates = var.updates_mode, telemetry = var.telemetry_mode, heartbeats = var.heartbeats_mode })
  deployment_resources = [
    {
      id   = "secrets"
      type = "vault"
      importData = {
        projectId    = var.gcp_project
        secretPrefix = "${local.resource_prefix}-secrets"
      }
    }
  ]
}

=== registration.tf ===
resource "terraform_data" "deployment_registration" {
  input = {
    platform                    = local.deployment_platform
    token                       = var.token
    name                        = var.name
    resource_prefix             = local.resource_prefix
    setup_target                = ""
    setup_import_format_version = 1
    setup_fingerprint           = ""
    setup_fingerprint_version   = 0
    management_url              = var.management_url
    management_config           = local.deployment_management_config
    stack_settings              = local.deployment_settings
    resources                   = local.deployment_resources
    inputValues                 = {}
  }
}

=== outputs.tf ===
output "deployment_target" {
  value       = "gcp"
  description = "Terraform module target."
}

output "deployment_resource_prefix" {
  value       = local.resource_prefix
  description = "Physical resource prefix."
}

output "deployment_platform" {
  value       = local.deployment_platform
  description = "Target platform."
}

output "deployment_region" {
  value       = local.deployment_region
  description = "Target cloud region or location."
}

output "deployment_setup_target" {
  value       = ""
  description = "Setup target."
}

output "deployment_setup_import_format_version" {
  value       = 1
  description = "Setup registration payload format version."
}

output "deployment_setup_fingerprint" {
  value       = ""
  description = "Setup compatibility fingerprint."
}

output "deployment_setup_fingerprint_version" {
  value       = 0
  description = "Setup fingerprint algorithm version."
}

output "deployment_management_config" {
  value       = jsonencode(local.deployment_management_config)
  description = "Deployment registration management configuration JSON."
}

output "deployment_stack_settings" {
  value       = jsonencode(local.deployment_settings)
  description = "Deployment registration settings JSON."
  sensitive   = true
}

output "deployment_resources" {
  value       = jsonencode(local.deployment_resources)
  description = "Deployment registration resource metadata JSON."
}

=== README.md ===
# Deployment setup - acme-vault

Target: `gcp`.

This module creates setup-owned infrastructure, grants the management access needed after setup, and prepares deployment registration metadata. Review the generated `.tf` files before applying; each resource file maps to one setup resource.

## Inputs

Required:

- `token`: install token from the setup page.
- `name`: deployment name to include in the registration metadata.

Common optional settings:

- `resource_prefix`: stable physical-name prefix. Leave empty to generate one.
- `management_url`: optional management endpoint used by pull-style runtimes.
- `deployment_model`: `push` or `pull`.
- `updates_mode`: `auto` or `approval-required`.
- `telemetry_mode`: `off`, `auto`, or `approval-required`.
- `heartbeats_mode`: `off` or `on`.
- `advanced_settings_json`: complete advanced deployment settings JSON. Most installs should keep the generated default.
- `advanced_settings_overlay_json`: partial advanced settings merged over package defaults, preserving generated values such as compute selections.

GCP settings:

- `gcp_project`: target GCP project ID.
- `gcp_region`: target GCP region.
- `managing_service_account_email`: management service account allowed to impersonate setup-created identities.
- `gcp_manage_custom_roles`: whether this module creates project custom roles.
- `gcp_custom_role_prefix`: custom role ID prefix when roles are managed outside this module.

## Run

Use your organization's normal backend and approval workflow. A typical local review looks like:

```bash
export TF_VAR_name="acme-vault"
export TF_VAR_token="..."
terraform init
terraform validate
terraform plan -out=tfplan
terraform apply tfplan
```

## Registration

This module exposes `deployment_management_config`, `deployment_stack_settings`, and `deployment_resources` outputs for registration flows managed outside Terraform.

## Outputs

- `deployment_management_config`: management endpoint and credential-boundary metadata.
- `deployment_stack_settings`: deployment settings JSON assembled from typed variables, package defaults, and advanced-setting overlays.
- `deployment_resources`: setup-owned resource metadata handed to the deployment runtime.
- `deployment_id` and `deployment_token`: emitted only when Terraform performs registration.
