---
source: crates/alien-cloudformation/tests/generator/aws_data_layer_tests.rs
expression: yaml
---
AWSTemplateFormatVersion: 2010-09-09
Description: aws storage minimal
Transform:
- AWS::LanguageExtensions
Metadata:
  AWS::CloudFormation::Interface:
    ParameterGroups:
    - Label:
        default: Registration
      Parameters:
      - Token
      - ManagingRoleArn
      - ManagingAccountId
    - Label:
        default: Operations
      Parameters:
      - UpdatesMode
      - TelemetryMode
      - HeartbeatsMode
    ParameterLabels:
      HeartbeatsMode:
        default: Heartbeats
      ManagingAccountId:
        default: Image account ID
      ManagingRoleArn:
        default: Management role ARN
      TelemetryMode:
        default: Telemetry
      Token:
        default: Install token
      UpdatesMode:
        default: Updates
Parameters:
  Token:
    Type: String
    Description: Install token from the application setup page.
    NoEcho: true
  ManagingRoleArn:
    Type: String
    Description: ARN of the management identity allowed to assume setup-created roles.
    Default: ''
  ManagingAccountId:
    Type: String
    Description: AWS account ID for the management account that hosts application container images.
    Default: ''
  NetworkMode:
    Type: String
    Description: Choose create-new for a managed VPC, use-existing for your VPC, or use-default for the account default VPC.
    Default: create-new
    AllowedValues:
    - create-new
    - use-existing
    - use-default
  UpdatesMode:
    Type: String
    Description: How updates are applied after setup registration.
    Default: auto
    AllowedValues:
    - auto
    - approval-required
  TelemetryMode:
    Type: String
    Description: Telemetry collection behavior.
    Default: auto
    AllowedValues:
    - "off"
    - auto
    - approval-required
  HeartbeatsMode:
    Type: String
    Description: Heartbeat health-check behavior.
    Default: "on"
    AllowedValues:
    - "off"
    - "on"
Resources:
  Data:
    Type: AWS::S3::Bucket
    Properties:
      BucketName:
        Fn::Join:
        - '-'
        - - Ref: AWS::StackName
          - data
          - Fn::Select:
            - 0
            - Fn::Split:
              - '-'
              - Fn::Select:
                - 2
                - Fn::Split:
                  - /
                  - Ref: AWS::StackId
      BucketEncryption:
        ServerSideEncryptionConfiguration:
        - ServerSideEncryptionByDefault:
            SSEAlgorithm: AES256
      OwnershipControls:
        Rules:
        - ObjectOwnership: BucketOwnerEnforced
      PublicAccessBlockConfiguration:
        BlockPublicAcls: true
        BlockPublicPolicy: true
        IgnorePublicAcls: true
        RestrictPublicBuckets: true
      Tags:
      - Key: managed-by
        Value: setup
      - Key: deployment
        Value:
          Ref: AWS::StackName
      - Key: resource
        Value: data
      - Key: resource-type
        Value: storage
    DeletionPolicy: Retain
    UpdateReplacePolicy: Retain
  DataBucketPolicy:
    Type: AWS::S3::BucketPolicy
    Properties:
      Bucket:
        Ref: Data
      PolicyDocument:
        Version: 2012-10-17
        Statement:
        - Sid: DenyInsecureTransport
          Effect: Deny
          Principal: '*'
          Action: s3:*
          Resource:
          - Fn::GetAtt:
            - Data
            - Arn
          - Fn::Sub: arn:${AWS::Partition}:s3:::${Data}/*
          Condition:
            Bool:
              aws:SecureTransport: 'false'
Outputs:
  DeploymentSourceKind:
    Value: cloudformation
    Description: Setup source kind.
  DeploymentResourcePrefix:
    Value:
      Ref: AWS::StackName
    Description: Stable physical resource prefix.
  DeploymentPlatform:
    Value: aws
    Description: Target platform.
  DeploymentRegion:
    Value:
      Ref: AWS::Region
    Description: AWS region.
  DeploymentSetupTarget:
    Value: aws
    Description: Setup target.
  DeploymentSetupFingerprint:
    Value: test
    Description: Setup compatibility fingerprint.
  DeploymentSetupImportFormatVersion:
    Value: 1
    Description: Setup registration payload format version.
  DeploymentSetupFingerprintVersion:
    Value: 1
    Description: Setup fingerprint algorithm version.
  DeploymentManagementConfig:
    Value:
      Fn::ToJsonString:
        platform: aws
        managingRoleArn:
          Ref: ManagingRoleArn
    Description: Deployment registration management configuration JSON.
  DeploymentStackSettings:
    Value:
      Fn::ToJsonString:
        deploymentModel: push
        updates:
          Ref: UpdatesMode
        telemetry:
          Ref: TelemetryMode
        heartbeats:
          Ref: HeartbeatsMode
        network:
          Ref: AWS::NoValue
    Description: Deployment registration settings JSON.
  DeploymentResources:
    Value:
      Fn::ToJsonString:
      - id: data
        type: storage
        importData:
          bucketName:
            Ref: Data
          bucketArn:
            Fn::GetAtt:
            - Data
            - Arn
    Description: Deployment registration resources JSON.
