---
source: crates/alien-cloudformation/tests/generator/aws_open_search_tests.rs
expression: yaml
---
AWSTemplateFormatVersion: 2010-09-09
Description: aws opensearch serverless
Transform:
- AWS::LanguageExtensions
Metadata:
  AWS::CloudFormation::Interface:
    ParameterGroups:
    - Label:
        default: Registration
      Parameters:
      - Token
      - ManagingRoleArn
      - ManagingAccountId
    - Label:
        default: Operations
      Parameters:
      - UpdatesMode
      - TelemetryMode
      - HeartbeatsMode
    ParameterLabels:
      HeartbeatsMode:
        default: Heartbeats
      ManagingAccountId:
        default: Image account ID
      ManagingRoleArn:
        default: Management role ARN
      TelemetryMode:
        default: Telemetry
      Token:
        default: Install token
      UpdatesMode:
        default: Updates
Parameters:
  Token:
    Type: String
    Description: Install token from the application setup page.
    NoEcho: true
  ManagingRoleArn:
    Type: String
    Description: ARN of the management identity allowed to assume setup-created roles.
    Default: ''
  ManagingAccountId:
    Type: String
    Description: AWS account ID for the management account that hosts application container images.
    Default: ''
  NetworkMode:
    Type: String
    Description: Choose create-new for a managed VPC, use-existing for your VPC, or use-default for the account default VPC.
    Default: create-new
    AllowedValues:
    - create-new
    - use-existing
    - use-default
  UpdatesMode:
    Type: String
    Description: How updates are applied after setup registration.
    Default: auto
    AllowedValues:
    - auto
    - approval-required
  TelemetryMode:
    Type: String
    Description: Telemetry collection behavior.
    Default: auto
    AllowedValues:
    - auto
  HeartbeatsMode:
    Type: String
    Description: Heartbeat health-check behavior.
    Default: "on"
    AllowedValues:
    - "off"
    - "on"
Resources:
  ExecutionSaRole:
    Type: AWS::IAM::Role
    Properties:
      RoleName:
        Fn::Sub: ${AWS::StackName}-execution-sa
      AssumeRolePolicyDocument:
        Version: 2012-10-17
        Statement:
        - Effect: Allow
          Principal:
            Service:
            - codebuild.amazonaws.com
            - ec2.amazonaws.com
            - lambda.amazonaws.com
          Action: sts:AssumeRole
      Tags:
      - Key: managed-by
        Value: setup
      - Key: deployment
        Value:
          Ref: AWS::StackName
      - Key: resource
        Value: execution-sa
      - Key: resource-type
        Value: service-account
  ArticlesGroup:
    Type: AWS::OpenSearchServerless::CollectionGroup
    Properties:
      Name:
        Fn::Join:
        - '-'
        - - articles
          - Fn::Select:
            - 0
            - Fn::Split:
              - '-'
              - Fn::Select:
                - 2
                - Fn::Split:
                  - /
                  - Ref: AWS::StackId
      StandbyReplicas: ENABLED
      Generation: NEXTGEN
      Tags:
      - Key: managed-by
        Value: setup
      - Key: deployment
        Value:
          Ref: AWS::StackName
      - Key: resource
        Value: articles
      - Key: resource-type
        Value: experimental/aws-opensearch
    DeletionPolicy: Retain
    UpdateReplacePolicy: Retain
  ArticlesNetworkPolicy:
    Type: AWS::OpenSearchServerless::SecurityPolicy
    Properties:
      Name:
        Fn::Join:
        - '-'
        - - articles
          - Fn::Select:
            - 0
            - Fn::Split:
              - '-'
              - Fn::Select:
                - 2
                - Fn::Split:
                  - /
                  - Ref: AWS::StackId
      Type: network
      Policy:
        Fn::Sub:
        - '[{"AllowFromPublic":true,"Rules":[{"Resource":["collection/${Name}"],"ResourceType":"collection"},{"Resource":["collection/${Name}"],"ResourceType":"dashboard"}]}]'
        - Name:
            Fn::Join:
            - '-'
            - - articles
              - Fn::Select:
                - 0
                - Fn::Split:
                  - '-'
                  - Fn::Select:
                    - 2
                    - Fn::Split:
                      - /
                      - Ref: AWS::StackId
  Articles:
    Type: AWS::OpenSearchServerless::Collection
    Properties:
      Name:
        Fn::Join:
        - '-'
        - - articles
          - Fn::Select:
            - 0
            - Fn::Split:
              - '-'
              - Fn::Select:
                - 2
                - Fn::Split:
                  - /
                  - Ref: AWS::StackId
      Type: SEARCH
      CollectionGroupName:
        Fn::Join:
        - '-'
        - - articles
          - Fn::Select:
            - 0
            - Fn::Split:
              - '-'
              - Fn::Select:
                - 2
                - Fn::Split:
                  - /
                  - Ref: AWS::StackId
      EncryptionConfig:
        AWSOwnedKey: true
      Tags:
      - Key: managed-by
        Value: setup
      - Key: deployment
        Value:
          Ref: AWS::StackName
      - Key: resource
        Value: articles
      - Key: resource-type
        Value: experimental/aws-opensearch
    DependsOn:
    - ArticlesGroup
    DeletionPolicy: Retain
    UpdateReplacePolicy: Retain
  ArticlesDataAccessPolicy:
    Type: AWS::OpenSearchServerless::AccessPolicy
    Properties:
      Name:
        Fn::Join:
        - '-'
        - - articles
          - Fn::Select:
            - 0
            - Fn::Split:
              - '-'
              - Fn::Select:
                - 2
                - Fn::Split:
                  - /
                  - Ref: AWS::StackId
      Type: data
      Policy:
        Fn::Sub:
        - '[{"Description":"Alien-managed data access for ''articles''","Principal":["${Principal0}"],"Rules":[{"Permission":["aoss:CreateCollectionItems","aoss:DeleteCollectionItems","aoss:UpdateCollectionItems","aoss:DescribeCollectionItems"],"Resource":["collection/${Name}"],"ResourceType":"collection"},{"Permission":["aoss:CreateIndex","aoss:DeleteIndex","aoss:UpdateIndex","aoss:DescribeIndex","aoss:ReadDocument","aoss:WriteDocument"],"Resource":["index/${Name}/*"],"ResourceType":"index"}]}]'
        - Name:
            Fn::Join:
            - '-'
            - - articles
              - Fn::Select:
                - 0
                - Fn::Split:
                  - '-'
                  - Fn::Select:
                    - 2
                    - Fn::Split:
                      - /
                      - Ref: AWS::StackId
          Principal0:
            Fn::GetAtt:
            - ExecutionSaRole
            - Arn
  ArticlesExecutionSaRoleOpenSearchPermission00:
    Type: AWS::IAM::Policy
    Properties:
      PolicyName:
        Fn::Sub: ${AWS::StackName}-articles-opensearch-0-0
      PolicyDocument:
        Version: 2012-10-17
        Statement:
        - Action:
          - aoss:APIAccessAll
          Effect: Allow
          Resource:
            Fn::GetAtt:
            - Articles
            - Arn
          Sid: OpensearchDataPlane
      Roles:
      - Ref: ExecutionSaRole
    DependsOn:
    - Articles
    - ExecutionSaRole
Outputs:
  DeploymentSourceKind:
    Value: cloudformation
    Description: Setup source kind.
  DeploymentResourcePrefix:
    Value:
      Ref: AWS::StackName
    Description: Stable physical resource prefix.
  DeploymentPlatform:
    Value: aws
    Description: Target platform.
  DeploymentRegion:
    Value:
      Ref: AWS::Region
    Description: AWS region.
  DeploymentSetupTarget:
    Value: aws
    Description: Setup target.
  DeploymentSetupFingerprint:
    Value: test
    Description: Setup compatibility fingerprint.
  DeploymentSetupImportFormatVersion:
    Value: 1
    Description: Setup registration payload format version.
  DeploymentSetupFingerprintVersion:
    Value: 1
    Description: Setup fingerprint algorithm version.
  DeploymentManagementConfig:
    Value:
      Fn::ToJsonString:
        platform: aws
        managingRoleArn:
          Ref: ManagingRoleArn
    Description: Deployment registration management configuration JSON.
  DeploymentStackSettings:
    Value:
      Fn::ToJsonString:
        deploymentModel: push
        updates:
          Ref: UpdatesMode
        telemetry:
          Ref: TelemetryMode
        heartbeats:
          Ref: HeartbeatsMode
        network:
          Ref: AWS::NoValue
    Description: Deployment registration settings JSON.
  DeploymentResources:
    Value:
      Fn::ToJsonString:
      - id: execution-sa
        type: service-account
        importData:
          roleName:
            Ref: ExecutionSaRole
          roleArn:
            Fn::GetAtt:
            - ExecutionSaRole
            - Arn
          stackPermissionsApplied: true
      - id: articles
        type: experimental/aws-opensearch
        importData:
          collectionName:
            Fn::Join:
            - '-'
            - - articles
              - Fn::Select:
                - 0
                - Fn::Split:
                  - '-'
                  - Fn::Select:
                    - 2
                    - Fn::Split:
                      - /
                      - Ref: AWS::StackId
          collectionId:
            Ref: Articles
          collectionArn:
            Fn::GetAtt:
            - Articles
            - Arn
          endpoint:
            Fn::GetAtt:
            - Articles
            - CollectionEndpoint
    Description: Deployment registration resources JSON.
